Archive member included to satisfy reference by file (symbol)

/usr/lib/gcc/arm-none-eabi/14.2.1/thumb/v6-m/nofp/libgcc.a(_dvmd_tls.o)
                              CMakeFiles/mk4001_bridge.dir/home/pi/pico/pico-sdk/src/rp2_common/pico_divider/divider_hardware.S.o (__aeabi_idiv0)
/usr/lib/gcc/arm-none-eabi/14.2.1/../../../arm-none-eabi/lib/thumb/v6-m/nofp/libg.a(libc_a-strlen-stub.o)
                              CMakeFiles/mk4001_bridge.dir/src/usb_descriptors.c.o (strlen)
/usr/lib/gcc/arm-none-eabi/14.2.1/../../../arm-none-eabi/lib/thumb/v6-m/nofp/libg.a(libc_a-fini.o)
                              /usr/lib/gcc/arm-none-eabi/14.2.1/../../../arm-none-eabi/lib/thumb/v6-m/nofp/crt0.o (__libc_fini_array)
/usr/lib/gcc/arm-none-eabi/14.2.1/../../../arm-none-eabi/lib/thumb/v6-m/nofp/libg.a(libc_a-memmove.o)
                              CMakeFiles/mk4001_bridge.dir/lib/tinyusb_patched/msc_device.c.o (memmove)
/usr/lib/gcc/arm-none-eabi/14.2.1/../../../arm-none-eabi/lib/thumb/v6-m/nofp/libg.a(libc_a-calloc.o)
                              CMakeFiles/mk4001_bridge.dir/home/pi/pico/pico-sdk/src/rp2_common/pico_malloc/malloc.c.o (calloc)
/usr/lib/gcc/arm-none-eabi/14.2.1/../../../arm-none-eabi/lib/thumb/v6-m/nofp/libg.a(libc_a-callocr.o)
                              /usr/lib/gcc/arm-none-eabi/14.2.1/../../../arm-none-eabi/lib/thumb/v6-m/nofp/libg.a(libc_a-calloc.o) (_calloc_r)
/usr/lib/gcc/arm-none-eabi/14.2.1/../../../arm-none-eabi/lib/thumb/v6-m/nofp/libg.a(libc_a-realloc.o)
                              CMakeFiles/mk4001_bridge.dir/home/pi/pico/pico-sdk/src/rp2_common/pico_malloc/malloc.c.o (realloc)
/usr/lib/gcc/arm-none-eabi/14.2.1/../../../arm-none-eabi/lib/thumb/v6-m/nofp/libg.a(libc_a-mallocr.o)
                              /usr/lib/gcc/arm-none-eabi/14.2.1/../../../arm-none-eabi/lib/thumb/v6-m/nofp/libg.a(libc_a-callocr.o) (_malloc_r)
/usr/lib/gcc/arm-none-eabi/14.2.1/../../../arm-none-eabi/lib/thumb/v6-m/nofp/libg.a(libc_a-freer.o)
                              /usr/lib/gcc/arm-none-eabi/14.2.1/../../../arm-none-eabi/lib/thumb/v6-m/nofp/libg.a(libc_a-mallocr.o) (_free_r)
/usr/lib/gcc/arm-none-eabi/14.2.1/../../../arm-none-eabi/lib/thumb/v6-m/nofp/libg.a(libc_a-memcmp.o)
                              CMakeFiles/mk4001_bridge.dir/home/pi/pico/pico-sdk/src/rp2_common/pico_atomic/atomic.c.o (memcmp)
/usr/lib/gcc/arm-none-eabi/14.2.1/../../../arm-none-eabi/lib/thumb/v6-m/nofp/libg.a(libc_a-errno.o)
                              /usr/lib/gcc/arm-none-eabi/14.2.1/../../../arm-none-eabi/lib/thumb/v6-m/nofp/libg.a(libc_a-callocr.o) (__errno)
/usr/lib/gcc/arm-none-eabi/14.2.1/../../../arm-none-eabi/lib/thumb/v6-m/nofp/libg.a(libc_a-malloc.o)
                              CMakeFiles/mk4001_bridge.dir/home/pi/pico/pico-sdk/src/rp2_common/pico_malloc/malloc.c.o (malloc)
/usr/lib/gcc/arm-none-eabi/14.2.1/../../../arm-none-eabi/lib/thumb/v6-m/nofp/libg.a(libc_a-reallocr.o)
                              /usr/lib/gcc/arm-none-eabi/14.2.1/../../../arm-none-eabi/lib/thumb/v6-m/nofp/libg.a(libc_a-realloc.o) (_realloc_r)
/usr/lib/gcc/arm-none-eabi/14.2.1/../../../arm-none-eabi/lib/thumb/v6-m/nofp/libg.a(libc_a-mktime.o)
                              CMakeFiles/mk4001_bridge.dir/home/pi/pico/pico-sdk/src/common/pico_util/datetime.c.o (mktime)
/usr/lib/gcc/arm-none-eabi/14.2.1/../../../arm-none-eabi/lib/thumb/v6-m/nofp/libg.a(libc_a-mlock.o)
                              /usr/lib/gcc/arm-none-eabi/14.2.1/../../../arm-none-eabi/lib/thumb/v6-m/nofp/libg.a(libc_a-mallocr.o) (__malloc_lock)
/usr/lib/gcc/arm-none-eabi/14.2.1/../../../arm-none-eabi/lib/thumb/v6-m/nofp/libg.a(libc_a-tzlock.o)
                              /usr/lib/gcc/arm-none-eabi/14.2.1/../../../arm-none-eabi/lib/thumb/v6-m/nofp/libg.a(libc_a-mktime.o) (__tz_lock)
/usr/lib/gcc/arm-none-eabi/14.2.1/../../../arm-none-eabi/lib/thumb/v6-m/nofp/libg.a(libc_a-sbrkr.o)
                              /usr/lib/gcc/arm-none-eabi/14.2.1/../../../arm-none-eabi/lib/thumb/v6-m/nofp/libg.a(libc_a-mallocr.o) (_sbrk_r)
/usr/lib/gcc/arm-none-eabi/14.2.1/../../../arm-none-eabi/lib/thumb/v6-m/nofp/libg.a(libc_a-atexit.o)
                              /usr/lib/gcc/arm-none-eabi/14.2.1/../../../arm-none-eabi/lib/thumb/v6-m/nofp/crt0.o (atexit)
/usr/lib/gcc/arm-none-eabi/14.2.1/../../../arm-none-eabi/lib/thumb/v6-m/nofp/libg.a(libc_a-lcltime_r.o)
                              CMakeFiles/mk4001_bridge.dir/home/pi/pico/pico-sdk/src/common/pico_util/datetime.c.o (localtime_r)
/usr/lib/gcc/arm-none-eabi/14.2.1/../../../arm-none-eabi/lib/thumb/v6-m/nofp/libg.a(libc_a-init.o)
                              /usr/lib/gcc/arm-none-eabi/14.2.1/../../../arm-none-eabi/lib/thumb/v6-m/nofp/crt0.o (__libc_init_array)
/usr/lib/gcc/arm-none-eabi/14.2.1/../../../arm-none-eabi/lib/thumb/v6-m/nofp/libg.a(libc_a-impure.o)
                              /usr/lib/gcc/arm-none-eabi/14.2.1/../../../arm-none-eabi/lib/thumb/v6-m/nofp/libg.a(libc_a-calloc.o) (_impure_ptr)
[...]
Memory Configuration

Name             Origin             Length             Attributes
FLASH            0x10000000         0x00200000         xr
RAM              0x20000000         0x00040000         xrw
SCRATCH_X        0x20040000         0x00001000         xrw
SCRATCH_Y        0x20041000         0x00001000         xrw
*default*        0x00000000         0xffffffff

Linker script and memory map

LOAD /usr/lib/gcc/arm-none-eabi/14.2.1/thumb/v6-m/nofp/crti.o
LOAD /usr/lib/gcc/arm-none-eabi/14.2.1/thumb/v6-m/nofp/crtbegin.o
LOAD /usr/lib/gcc/arm-none-eabi/14.2.1/../../../arm-none-eabi/lib/thumb/v6-m/nofp/crt0.o

.flash_begin    0x10000000        0x0
                0x10000000                        __flash_binary_start = .

.boot2          0x10000000      0x100
                0x10000000                        __boot2_start__ = .
 *(.boot2)
 .boot2         0x10000000      0x100 pico-sdk/src/rp2040/boot_stage2/CMakeFiles/bs2_default_library.dir/bs2_default_padded_checksummed.S.o
                0x10000100                        __boot2_end__ = .
                0x00000001                        ASSERT (((__boot2_end__ - __boot2_start__) == 0x100), ERROR: Pico second stage bootloader must be 256 bytes in size)

.text           0x10000100     0xaaf8
                0x10000100                        __logical_binary_start = .
 *(.vectors)
 .vectors       0x10000100       0xd4 CMakeFiles/mk4001_bridge.dir/home/pi/pico/pico-sdk/src/rp2_common/pico_crt0/crt0.S.o
                0x10000100                __vectors
                0x10000100                __VECTOR_TABLE
                0x100001c0                isr_irq30
                0x100001c0                __unhandled_user_irq
                0x100001c0                isr_irq13
                0x100001c0                isr_irq27
                0x100001c0                isr_irq31
                0x100001c0                isr_irq5
                0x100001c0                isr_irq11
                0x100001c0                isr_irq23
                0x100001c0                isr_irq18
                0x100001c0                isr_irq28
                0x100001c0                isr_irq19
                0x100001c0                isr_irq0
                0x100001c0                isr_irq6
                0x100001c0                isr_irq22
                0x100001c0                isr_irq17
                0x100001c0                isr_irq14
                0x100001c0                __vectors_end
                0x100001c0                __default_isrs_start
                0x100001c0                isr_irq2
                0x100001c0                isr_irq10
                0x100001c0                isr_irq8
                0x100001c0                isr_irq24
                0x100001c0                isr_irq1
                0x100001c0                isr_irq7
                0x100001c0                isr_irq21
                0x100001c0                isr_irq20
                0x100001c0                isr_irq15
                0x100001c0                isr_irq25
                0x100001c0                isr_irq4
                0x100001c0                isr_irq16
                0x100001c0                isr_irq29
                0x100001c0                isr_irq26
                0x100001c0                isr_irq3
                0x100001c0                isr_irq12
                0x100001c0                isr_irq9
                0x100001c6                unhandled_user_irq_num_in_r0
                0x100001c8                isr_invalid
                0x100001ca                isr_nmi
                0x100001cc                isr_hardfault
                0x100001ce                isr_svcall
                0x100001d0                isr_pendsv
                0x100001d2                isr_systick
                0x100001d4                __default_isrs_end
 *(.binary_info_header)
 .binary_info_header
                0x100001d4       0x14 CMakeFiles/mk4001_bridge.dir/home/pi/pico/pico-sdk/src/rp2_common/pico_crt0/crt0.S.o
                0x100001e8                        __binary_info_header_end = .
 *(.embedded_block)
                0x100001e8                        __embedded_block_end = .
 *(.reset)
 .reset         0x100001e8       0x9c CMakeFiles/mk4001_bridge.dir/home/pi/pico/pico-sdk/src/rp2_common/pico_crt0/crt0.S.o
                0x100001e8                _entry_point
 *(.init)
 .init          0x10000284        0x4 /usr/lib/gcc/arm-none-eabi/14.2.1/thumb/v6-m/nofp/crti.o
                0x10000284                _init
 *(EXCLUDE_FILE(*libm.a: *libc.a:*lib_a-mem*.o *libgcc.a:) .text*)
 .text          0x10000288       0x98 /usr/lib/gcc/arm-none-eabi/14.2.1/thumb/v6-m/nofp/crtbegin.o
 .text.halt_blink
                0x10000320       0x28 CMakeFiles/mk4001_bridge.dir/src/main.c.o
 .text.sleep_with_usb
                0x10000348       0x24 CMakeFiles/mk4001_bridge.dir/src/main.c.o
 .text.sdio_init_poll
                0x1000036c       0x9c CMakeFiles/mk4001_bridge.dir/src/main.c.o
 .text.init_drive
                0x10000408      0x16c CMakeFiles/mk4001_bridge.dir/src/main.c.o
 .text.startup.main
                0x10000574      0x2fc CMakeFiles/mk4001_bridge.dir/src/main.c.o
                0x10000574                main
 .text.tud_suspend_cb
                0x10000870       0x30 CMakeFiles/mk4001_bridge.dir/src/main.c.o
                0x10000870                tud_suspend_cb
 .text.tud_resume_cb
                0x100008a0       0x10 CMakeFiles/mk4001_bridge.dir/src/main.c.o
                0x100008a0                tud_resume_cb
 .text.sdio_init_pins
                0x100008b0       0x58 CMakeFiles/mk4001_bridge.dir/src/sdio_hw.c.o
                0x100008b0                sdio_init_pins
 .text.hdd_power_on
                0x10000908       0x18 CMakeFiles/mk4001_bridge.dir/src/sdio_hw.c.o
                0x10000908                hdd_power_on
 .text.hdd_power_off
                0x10000920       0x18 CMakeFiles/mk4001_bridge.dir/src/sdio_hw.c.o
                0x10000920                hdd_power_off
 .text.ata_wait_drq
                0x10000938       0x74 CMakeFiles/mk4001_bridge.dir/src/ata_sdio.c.o
 .text.ata_issue_rw_command
                0x100009ac       0x94 CMakeFiles/mk4001_bridge.dir/src/ata_sdio.c.o
 .text.ata_log_status_error
                0x10000a40       0xec CMakeFiles/mk4001_bridge.dir/src/ata_sdio.c.o
 .text.ata_wait_command_result
                0x10000b2c       0xe8 CMakeFiles/mk4001_bridge.dir/src/ata_sdio.c.o
 .text.ata_identify
                0x10000c14      0x12c CMakeFiles/mk4001_bridge.dir/src/ata_sdio.c.o
                0x10000c14                ata_identify
 .text.ata_read_sectors
                0x10000d40      0x198 CMakeFiles/mk4001_bridge.dir/src/ata_sdio.c.o
                0x10000d40                ata_read_sectors
 .text.ata_write_sectors
                0x10000ed8      0x1a8 CMakeFiles/mk4001_bridge.dir/src/ata_sdio.c.o
                0x10000ed8                ata_write_sectors
 .text.ata_get_capacity
                0x10001080       0x20 CMakeFiles/mk4001_bridge.dir/src/ata_sdio.c.o
                0x10001080                ata_get_capacity
 .text.ata_print_identify
                0x100010a0      0x24c CMakeFiles/mk4001_bridge.dir/src/ata_sdio.c.o
                0x100010a0                ata_print_identify
 .text.ata_error_recovery
                0x100012ec      0x1e8 CMakeFiles/mk4001_bridge.dir/src/ata_sdio.c.o
                0x100012ec                ata_error_recovery
 .text.ata_read_sector_fast
                0x100014d4       0xe4 CMakeFiles/mk4001_bridge.dir/src/ata_sdio.c.o
                0x100014d4                ata_read_sector_fast
 .text.ata_write_sector_fast
                0x100015b8       0xe8 CMakeFiles/mk4001_bridge.dir/src/ata_sdio.c.o
                0x100015b8                ata_write_sector_fast
 .text.ata_standby_immediate
                0x100016a0       0xe8 CMakeFiles/mk4001_bridge.dir/src/ata_sdio.c.o
                0x100016a0                ata_standby_immediate
 .text.ata_flush_cache
                0x10001788      0x15c CMakeFiles/mk4001_bridge.dir/src/ata_sdio.c.o
                0x10001788                ata_flush_cache
 .text.ata_vendor_c2
                0x100018e4      0x164 CMakeFiles/mk4001_bridge.dir/src/ata_sdio.c.o
                0x100018e4                ata_vendor_c2
 .text.ata_read_temperature
                0x10001a48       0x70 CMakeFiles/mk4001_bridge.dir/src/ata_sdio.c.o
                0x10001a48                ata_read_temperature
 .text.ata_smart_dump
                0x10001ab8      0x120 CMakeFiles/mk4001_bridge.dir/src/ata_sdio.c.o
                0x10001ab8                ata_smart_dump
 .text.dat_read_start_block
                0x10001bd8       0x8c CMakeFiles/mk4001_bridge.dir/src/sdio_pio.c.o
 .text.crc16_all_lines.constprop.0
                0x10001c64      0x1c0 CMakeFiles/mk4001_bridge.dir/src/sdio_pio.c.o
 .text.build_write_stream
                0x10001e24      0x3d8 CMakeFiles/mk4001_bridge.dir/src/sdio_pio.c.o
 .text.load_cmd.part.0
                0x100021fc      0x128 CMakeFiles/mk4001_bridge.dir/src/sdio_pio.c.o
 .text.sdio_pio_send_cmd_no_resp.constprop.0
                0x10002324      0x110 CMakeFiles/mk4001_bridge.dir/src/sdio_pio.c.o
 .text.sdio_pio_init
                0x10002434       0x88 CMakeFiles/mk4001_bridge.dir/src/sdio_pio.c.o
                0x10002434                sdio_pio_init
 .text.sdio_pio_set_clkdiv
                0x100024bc       0x5c CMakeFiles/mk4001_bridge.dir/src/sdio_pio.c.o
                0x100024bc                sdio_pio_set_clkdiv
 .text.sdio_pio_send_cmd
                0x10002518      0x1c8 CMakeFiles/mk4001_bridge.dir/src/sdio_pio.c.o
                0x10002518                sdio_pio_send_cmd
 .text.sdio_pio_wait_ready_ocr.constprop.0
                0x100026e0       0xc0 CMakeFiles/mk4001_bridge.dir/src/sdio_pio.c.o
 .text.sdio_pio_finish_init_with_rca
                0x100027a0      0x19c CMakeFiles/mk4001_bridge.dir/src/sdio_pio.c.o
 .text.sdio_pio_cmd52_read
                0x1000293c       0x58 CMakeFiles/mk4001_bridge.dir/src/sdio_pio.c.o
                0x1000293c                sdio_pio_cmd52_read
 .text.sdio_pio_cmd52_write
                0x10002994       0x60 CMakeFiles/mk4001_bridge.dir/src/sdio_pio.c.o
                0x10002994                sdio_pio_cmd52_write
 .text.sdio_pio_deselect_card
                0x100029f4        0x8 CMakeFiles/mk4001_bridge.dir/src/sdio_pio.c.o
                0x100029f4                sdio_pio_deselect_card
 .text.sdio_pio_cmd53_read_block
                0x100029fc      0x710 CMakeFiles/mk4001_bridge.dir/src/sdio_pio.c.o
                0x100029fc                sdio_pio_cmd53_read_block
 .text.sdio_pio_cmd53_write_block
                0x1000310c      0x384 CMakeFiles/mk4001_bridge.dir/src/sdio_pio.c.o
                0x1000310c                sdio_pio_cmd53_write_block
 .text.sdio_pio_acquire_pins
                0x10003490       0x7c CMakeFiles/mk4001_bridge.dir/src/sdio_pio.c.o
                0x10003490                sdio_pio_acquire_pins
 .text.sdio_pio_try_warm_probe
                0x1000350c       0x4c CMakeFiles/mk4001_bridge.dir/src/sdio_pio.c.o
                0x1000350c                sdio_pio_try_warm_probe
 .text.sdio_pio_card_init
                0x10003558       0xf0 CMakeFiles/mk4001_bridge.dir/src/sdio_pio.c.o
                0x10003558                sdio_pio_card_init
 .text.tud_descriptor_device_cb
                0x10003648        0x8 CMakeFiles/mk4001_bridge.dir/src/usb_descriptors.c.o
                0x10003648                tud_descriptor_device_cb
 .text.tud_descriptor_configuration_cb
                0x10003650        0x8 CMakeFiles/mk4001_bridge.dir/src/usb_descriptors.c.o
                0x10003650                tud_descriptor_configuration_cb
 .text.tud_descriptor_string_cb
                0x10003658       0x6c CMakeFiles/mk4001_bridge.dir/src/usb_descriptors.c.o
                0x10003658                tud_descriptor_string_cb
 .text.msc_fallback_sectors
                0x100036c4      0x50c CMakeFiles/mk4001_bridge.dir/src/msc_device.c.o
 .text.wb_flush
                0x10003bd0       0x98 CMakeFiles/mk4001_bridge.dir/src/msc_device.c.o
 .text.msc_touch_activity
                0x10003c68      0x1c0 CMakeFiles/mk4001_bridge.dir/src/msc_device.c.o
                0x10003c68                msc_touch_activity
 .text.msc_transfer
                0x10003e28      0x268 CMakeFiles/mk4001_bridge.dir/src/msc_device.c.o
 .text.msc_get_last_activity_ms
                0x10004090        0xc CMakeFiles/mk4001_bridge.dir/src/msc_device.c.o
                0x10004090                msc_get_last_activity_ms
 .text.msc_is_drive_spinning
                0x1000409c       0x1c CMakeFiles/mk4001_bridge.dir/src/msc_device.c.o
                0x1000409c                msc_is_drive_spinning
 .text.msc_is_power_gated
                0x100040b8        0xc CMakeFiles/mk4001_bridge.dir/src/msc_device.c.o
                0x100040b8                msc_is_power_gated
 .text.msc_power_gate
                0x100040c4       0x58 CMakeFiles/mk4001_bridge.dir/src/msc_device.c.o
                0x100040c4                msc_power_gate
 .text.msc_set_drive_params
                0x1000411c       0x4c CMakeFiles/mk4001_bridge.dir/src/msc_device.c.o
                0x1000411c                msc_set_drive_params
 .text.tud_msc_inquiry_cb
                0x10004168       0x68 CMakeFiles/mk4001_bridge.dir/src/msc_device.c.o
                0x10004168                tud_msc_inquiry_cb
 .text.msc_service_write_behind
                0x100041d0       0x98 CMakeFiles/mk4001_bridge.dir/src/msc_device.c.o
                0x100041d0                msc_service_write_behind
 .text.msc_service_prefetch
                0x10004268       0x98 CMakeFiles/mk4001_bridge.dir/src/msc_device.c.o
                0x10004268                msc_service_prefetch
 .text.tud_msc_test_unit_ready_cb
                0x10004300        0xc CMakeFiles/mk4001_bridge.dir/src/msc_device.c.o
                0x10004300                tud_msc_test_unit_ready_cb
 .text.tud_msc_capacity_cb
                0x1000430c       0x14 CMakeFiles/mk4001_bridge.dir/src/msc_device.c.o
                0x1000430c                tud_msc_capacity_cb
 .text.tud_msc_start_stop_cb
                0x10004320       0x7c CMakeFiles/mk4001_bridge.dir/src/msc_device.c.o
                0x10004320                tud_msc_start_stop_cb
 .text.tud_msc_read10_cb
                0x1000439c       0x40 CMakeFiles/mk4001_bridge.dir/src/msc_device.c.o
                0x1000439c                tud_msc_read10_cb
 .text.tud_msc_write10_cb
                0x100043dc      0x160 CMakeFiles/mk4001_bridge.dir/src/msc_device.c.o
                0x100043dc                tud_msc_write10_cb
 .text.tud_msc_scsi_cb
                0x1000453c      0x110 CMakeFiles/mk4001_bridge.dir/src/msc_device.c.o
                0x1000453c                tud_msc_scsi_cb
 .text.tud_msc_is_writable_cb
                0x1000464c        0x4 CMakeFiles/mk4001_bridge.dir/src/msc_device.c.o
                0x1000464c                tud_msc_is_writable_cb
 .text.fail_scsi_op.constprop.0
                0x10004650       0x50 CMakeFiles/mk4001_bridge.dir/lib/tinyusb_patched/msc_device.c.o
 .text.proc_read10_cmd.constprop.0
                0x100046a0       0xfc CMakeFiles/mk4001_bridge.dir/lib/tinyusb_patched/msc_device.c.o
 .text.tud_msc_set_sense
                0x1000479c       0x18 CMakeFiles/mk4001_bridge.dir/lib/tinyusb_patched/msc_device.c.o
                0x1000479c                tud_msc_set_sense
 .text.mscd_init
                0x100047b4       0x14 CMakeFiles/mk4001_bridge.dir/lib/tinyusb_patched/msc_device.c.o
                0x100047b4                mscd_init
 .text.mscd_reset
                0x100047c8       0x14 CMakeFiles/mk4001_bridge.dir/lib/tinyusb_patched/msc_device.c.o
                0x100047c8                mscd_reset
 .text.mscd_open
                0x100047dc       0x68 CMakeFiles/mk4001_bridge.dir/lib/tinyusb_patched/msc_device.c.o
                0x100047dc                mscd_open
 .text.mscd_control_xfer_cb
                0x10004844      0x148 CMakeFiles/mk4001_bridge.dir/lib/tinyusb_patched/msc_device.c.o
                0x10004844                mscd_control_xfer_cb
 .text.mscd_xfer_cb
                0x1000498c      0x834 CMakeFiles/mk4001_bridge.dir/lib/tinyusb_patched/msc_device.c.o
                0x1000498c                mscd_xfer_cb
 .text.gpio_set_function
                0x100051c0       0x34 CMakeFiles/mk4001_bridge.dir/home/pi/pico/pico-sdk/src/rp2_common/hardware_gpio/gpio.c.o
                0x100051c0                gpio_set_function
 .text.gpio_set_pulls
                0x100051f4       0x28 CMakeFiles/mk4001_bridge.dir/home/pi/pico/pico-sdk/src/rp2_common/hardware_gpio/gpio.c.o
                0x100051f4                gpio_set_pulls
 .text.gpio_init
                0x1000521c       0x40 CMakeFiles/mk4001_bridge.dir/home/pi/pico/pico-sdk/src/rp2_common/hardware_gpio/gpio.c.o
                0x1000521c                gpio_init
 .text.rp2040_chip_version
                0x1000525c        0xc CMakeFiles/mk4001_bridge.dir/home/pi/pico/pico-sdk/src/rp2040/pico_platform/platform.c.o
                0x1000525c                rp2040_chip_version
 .text.panic    0x10005268       0x30 CMakeFiles/mk4001_bridge.dir/home/pi/pico/pico-sdk/src/rp2_common/pico_platform_panic/panic.c.o
                0x10005268                panic
 .text.hw_claim_or_assert
                0x10005298       0x44 CMakeFiles/mk4001_bridge.dir/home/pi/pico/pico-sdk/src/common/hardware_claim/claim.c.o
                0x10005298                hw_claim_or_assert
 .text.hw_claim_unused_from_range
                0x100052dc       0x88 CMakeFiles/mk4001_bridge.dir/home/pi/pico/pico-sdk/src/common/hardware_claim/claim.c.o
                0x100052dc                hw_claim_unused_from_range
 .text.next_striped_spin_lock_num
                0x10005364       0x18 CMakeFiles/mk4001_bridge.dir/home/pi/pico/pico-sdk/src/rp2_common/hardware_sync/sync.c.o
                0x10005364                next_striped_spin_lock_num
 .text.spin_lock_claim_unused
                0x1000537c       0x24 CMakeFiles/mk4001_bridge.dir/home/pi/pico/pico-sdk/src/rp2_common/hardware_sync/sync.c.o
                0x1000537c                spin_lock_claim_unused
 .text.spin_locks_reset
                0x100053a0       0x1c CMakeFiles/mk4001_bridge.dir/home/pi/pico/pico-sdk/src/rp2_common/hardware_sync_spin_lock/sync_spin_lock.c.o
                0x100053a0                spin_locks_reset
 .text.runtime_init_per_core_irq_priorities
                0x100053bc       0x24 CMakeFiles/mk4001_bridge.dir/home/pi/pico/pico-sdk/src/rp2_common/hardware_irq/irq.c.o
                0x100053bc                runtime_init_per_core_irq_priorities
 .text.irq_set_enabled
                0x100053e0       0x24 CMakeFiles/mk4001_bridge.dir/home/pi/pico/pico-sdk/src/rp2_common/hardware_irq/irq.c.o
                0x100053e0                irq_set_enabled
 .text.irq_set_exclusive_handler
                0x10005404       0x54 CMakeFiles/mk4001_bridge.dir/home/pi/pico/pico-sdk/src/rp2_common/hardware_irq/irq.c.o
                0x10005404                irq_set_exclusive_handler
 .text.irq_add_shared_handler
                0x10005458      0x1f4 CMakeFiles/mk4001_bridge.dir/home/pi/pico/pico-sdk/src/rp2_common/hardware_irq/irq.c.o
                0x10005458                irq_add_shared_handler
 .text.irq_remove_handler
                0x1000564c      0x1d4 CMakeFiles/mk4001_bridge.dir/home/pi/pico/pico-sdk/src/rp2_common/hardware_irq/irq.c.o
                0x1000564c                irq_remove_handler
 .text.irq_add_tail_to_free_list
                0x10005820       0xb4 CMakeFiles/mk4001_bridge.dir/home/pi/pico/pico-sdk/src/rp2_common/hardware_irq/irq.c.o
                0x10005820                irq_add_tail_to_free_list
 .text.lock_init
                0x100058d4       0x10 CMakeFiles/mk4001_bridge.dir/home/pi/pico/pico-sdk/src/common/pico_sync/lock_core.c.o
                0x100058d4                lock_init
 .text.runtime_init_mutex
                0x100058e4       0x50 CMakeFiles/mk4001_bridge.dir/home/pi/pico/pico-sdk/src/common/pico_sync/mutex.c.o
                0x100058e4                runtime_init_mutex
 .text.mutex_init
                0x10005934       0x1c CMakeFiles/mk4001_bridge.dir/home/pi/pico/pico-sdk/src/common/pico_sync/mutex.c.o
                0x10005934                mutex_init
 .text.critical_section_init
                0x10005950       0x1c CMakeFiles/mk4001_bridge.dir/home/pi/pico/pico-sdk/src/common/pico_sync/critical_section.c.o
                0x10005950                critical_section_init
 .text.sleep_until_callback
                0x1000596c       0x30 CMakeFiles/mk4001_bridge.dir/home/pi/pico/pico-sdk/src/common/pico_time/time.c.o
 .text.alarm_pool_irq_handler
                0x1000599c      0x300 CMakeFiles/mk4001_bridge.dir/home/pi/pico/pico-sdk/src/common/pico_time/time.c.o
 .text.runtime_init_default_alarm_pool
                0x10005c9c       0xdc CMakeFiles/mk4001_bridge.dir/home/pi/pico/pico-sdk/src/common/pico_time/time.c.o
                0x10005c9c                runtime_init_default_alarm_pool
 .text.alarm_pool_add_alarm_at_force_in_context
                0x10005d78       0xb0 CMakeFiles/mk4001_bridge.dir/home/pi/pico/pico-sdk/src/common/pico_time/time.c.o
                0x10005d78                alarm_pool_add_alarm_at_force_in_context
 .text.alarm_pool_cancel_alarm
                0x10005e28       0x74 CMakeFiles/mk4001_bridge.dir/home/pi/pico/pico-sdk/src/common/pico_time/time.c.o
                0x10005e28                alarm_pool_cancel_alarm
 .text.sleep_ms
                0x10005e9c       0xfc CMakeFiles/mk4001_bridge.dir/home/pi/pico/pico-sdk/src/common/pico_time/time.c.o
                0x10005e9c                sleep_ms
 .text.best_effort_wfe_or_timeout
                0x10005f98      0x10c CMakeFiles/mk4001_bridge.dir/home/pi/pico/pico-sdk/src/common/pico_time/time.c.o
                0x10005f98                best_effort_wfe_or_timeout
 .text.timer_hardware_alarm_claim
                0x100060a4       0x14 CMakeFiles/mk4001_bridge.dir/home/pi/pico/pico-sdk/src/rp2_common/hardware_timer/timer.c.o
                0x100060a4                timer_hardware_alarm_claim
 .text.timer_time_us_64
                0x100060b8       0x10 CMakeFiles/mk4001_bridge.dir/home/pi/pico/pico-sdk/src/rp2_common/hardware_timer/timer.c.o
                0x100060b8                timer_time_us_64
 .text.time_us_64
                0x100060c8       0x14 CMakeFiles/mk4001_bridge.dir/home/pi/pico/pico-sdk/src/rp2_common/hardware_timer/timer.c.o
                0x100060c8                time_us_64
 .text.busy_wait_us
                0x100060dc       0x68 CMakeFiles/mk4001_bridge.dir/home/pi/pico/pico-sdk/src/rp2_common/hardware_timer/timer.c.o
                0x100060dc                busy_wait_us
 .text.busy_wait_until
                0x10006144       0x20 CMakeFiles/mk4001_bridge.dir/home/pi/pico/pico-sdk/src/rp2_common/hardware_timer/timer.c.o
                0x10006144                busy_wait_until
 .text.uart_init
                0x10006164      0x120 CMakeFiles/mk4001_bridge.dir/home/pi/pico/pico-sdk/src/rp2_common/hardware_uart/uart.c.o
                0x10006164                uart_init
 .text.clock_configure_int_divider
                0x10006284       0xf4 CMakeFiles/mk4001_bridge.dir/home/pi/pico/pico-sdk/src/rp2_common/hardware_clocks/clocks.c.o
                0x10006284                clock_configure_int_divider
 .text.clock_configure_undivided
                0x10006378       0xe8 CMakeFiles/mk4001_bridge.dir/home/pi/pico/pico-sdk/src/rp2_common/hardware_clocks/clocks.c.o
                0x10006378                clock_configure_undivided
 .text.clock_get_hz
                0x10006460        0xc CMakeFiles/mk4001_bridge.dir/home/pi/pico/pico-sdk/src/rp2_common/hardware_clocks/clocks.c.o
                0x10006460                clock_get_hz
 .text.pll_init
                0x1000646c       0xa4 CMakeFiles/mk4001_bridge.dir/home/pi/pico/pico-sdk/src/rp2_common/hardware_pll/pll.c.o
                0x1000646c                pll_init
 .text.tick_start
                0x10006510       0x10 CMakeFiles/mk4001_bridge.dir/home/pi/pico/pico-sdk/src/rp2_common/hardware_ticks/ticks.c.o
                0x10006510                tick_start
 .text.rom_func_lookup
                0x10006520       0x10 CMakeFiles/mk4001_bridge.dir/home/pi/pico/pico-sdk/src/rp2_common/pico_bootrom/bootrom.c.o
                0x10006520                rom_func_lookup
 .text.rom_data_lookup
                0x10006530       0x10 CMakeFiles/mk4001_bridge.dir/home/pi/pico/pico-sdk/src/rp2_common/pico_bootrom/bootrom.c.o
                0x10006530                rom_data_lookup
 .text.rom_funcs_lookup
                0x10006540       0x44 CMakeFiles/mk4001_bridge.dir/home/pi/pico/pico-sdk/src/rp2_common/pico_bootrom/bootrom.c.o
                0x10006540                rom_funcs_lookup
 .text.xosc_init
                0x10006584       0x28 CMakeFiles/mk4001_bridge.dir/home/pi/pico/pico-sdk/src/rp2_common/hardware_xosc/xosc.c.o
                0x10006584                xosc_init
 .text.first_per_core_initializer
                0x100065ac        0x4 CMakeFiles/mk4001_bridge.dir/home/pi/pico/pico-sdk/src/rp2_common/pico_runtime/runtime.c.o
 .text.hard_assertion_failure
                0x100065b0        0xc CMakeFiles/mk4001_bridge.dir/home/pi/pico/pico-sdk/src/rp2_common/pico_runtime/runtime.c.o
                0x100065b0                hard_assertion_failure
 .text.runtime_run_initializers
                0x100065bc       0x28 CMakeFiles/mk4001_bridge.dir/home/pi/pico/pico-sdk/src/rp2_common/pico_runtime/runtime.c.o
                0x100065bc                runtime_run_initializers
 .text.runtime_init_early_resets
                0x100065e4       0x2c CMakeFiles/mk4001_bridge.dir/home/pi/pico/pico-sdk/src/rp2_common/pico_runtime_init/runtime_init.c.o
                0x100065e4                runtime_init_early_resets
 .text.runtime_init_usb_power_down
                0x10006610       0x1c CMakeFiles/mk4001_bridge.dir/home/pi/pico/pico-sdk/src/rp2_common/pico_runtime_init/runtime_init.c.o
                0x10006610                runtime_init_usb_power_down
 .text.runtime_init_post_clock_resets
                0x1000662c       0x20 CMakeFiles/mk4001_bridge.dir/home/pi/pico/pico-sdk/src/rp2_common/pico_runtime_init/runtime_init.c.o
                0x1000662c                runtime_init_post_clock_resets
 .text.runtime_init_rp2040_gpio_ie_disable
                0x1000664c       0x14 CMakeFiles/mk4001_bridge.dir/home/pi/pico/pico-sdk/src/rp2_common/pico_runtime_init/runtime_init.c.o
                0x1000664c                runtime_init_rp2040_gpio_ie_disable
 .text.runtime_init_spin_locks_reset
                0x10006660        0x8 CMakeFiles/mk4001_bridge.dir/home/pi/pico/pico-sdk/src/rp2_common/pico_runtime_init/runtime_init.c.o
                0x10006660                runtime_init_spin_locks_reset
 .text.runtime_init_install_ram_vector_table
                0x10006668       0xb4 CMakeFiles/mk4001_bridge.dir/home/pi/pico/pico-sdk/src/rp2_common/pico_runtime_init/runtime_init.c.o
                0x10006668                runtime_init_install_ram_vector_table
 .text.runtime_init_clocks
                0x1000671c       0xd8 CMakeFiles/mk4001_bridge.dir/home/pi/pico/pico-sdk/src/rp2_common/pico_runtime_init/runtime_init_clocks.c.o
                0x1000671c                runtime_init_clocks
 .text          0x100067f4       0x10 CMakeFiles/mk4001_bridge.dir/home/pi/pico/pico-sdk/src/rp2_common/pico_bit_ops/bit_ops_aeabi.S.o
 .text.__wrap___aeabi_idiv
                0x10006804       0x50 CMakeFiles/mk4001_bridge.dir/home/pi/pico/pico-sdk/src/rp2_common/pico_divider/divider_hardware.S.o
                0x10006804                __wrap___aeabi_idivmod
                0x10006804                divmod_s32s32
                0x10006804                div_s32s32
                0x10006804                __wrap___aeabi_idiv
                0x1000680c                divmod_s32s32_unsafe
                0x10006838                divmod_s32s32_savestate
 .text.__wrap___aeabi_uidiv
                0x10006854       0x4c CMakeFiles/mk4001_bridge.dir/home/pi/pico/pico-sdk/src/rp2_common/pico_divider/divider_hardware.S.o
                0x10006854                __wrap___aeabi_uidiv
                0x10006854                __wrap___aeabi_uidivmod
                0x10006854                div_u32u32
                0x10006854                divmod_u32u32
                0x1000685c                divmod_u32u32_unsafe
                0x10006884                divmod_u32u32_savestate
 .text.__wrap___aeabi_ldiv
                0x100068a0      0x424 CMakeFiles/mk4001_bridge.dir/home/pi/pico/pico-sdk/src/rp2_common/pico_divider/divider_hardware.S.o
                0x100068a0                div_s64s64
                0x100068a0                divmod_s64s64
                0x100068a0                __wrap___aeabi_ldivmod
                0x100068d0                div_u64u64
                0x100068d0                divmod_u64u64
                0x100068d0                __wrap___aeabi_uldivmod
                0x100068e0                divmod_u64u64_savestate
                0x10006900                divmod_s64s64_unsafe
                0x10006988                divmod_u64u64_unsafe
 .text.__wrap___aeabi_darithmetic
                0x10006cc4       0x80 CMakeFiles/mk4001_bridge.dir/home/pi/pico/pico-sdk/src/rp2_common/pico_double/double_aeabi_rp2040.S.o
                0x10006cc4                __wrap___aeabi_drsub
                0x10006cca                __wrap___aeabi_dsub
                0x10006cdc                __wrap___aeabi_dadd
                0x10006cee                __wrap___aeabi_ddiv
                0x10006d2a                __wrap___aeabi_dmul
 .text.__wrap___aeabi_cdcmple
                0x10006d44       0x6c CMakeFiles/mk4001_bridge.dir/home/pi/pico/pico-sdk/src/rp2_common/pico_double/double_aeabi_rp2040.S.o
                0x10006d44                __wrap___aeabi_cdrcmple
                0x10006d54                __wrap___aeabi_cdcmple
                0x10006d54                __wrap___aeabi_cdcmpeq
 .text.__wrap___aeabi_dcmplt
                0x10006db0        0xc CMakeFiles/mk4001_bridge.dir/home/pi/pico/pico-sdk/src/rp2_common/pico_double/double_aeabi_rp2040.S.o
                0x10006db0                __wrap___aeabi_dcmplt
 .text.__wrap___aeabi_dcmple
                0x10006dbc       0x10 CMakeFiles/mk4001_bridge.dir/home/pi/pico/pico-sdk/src/rp2_common/pico_double/double_aeabi_rp2040.S.o
                0x10006dbc                __wrap___aeabi_dcmple
 .text.__wrap___aeabi_dcmpge
                0x10006dcc       0x10 CMakeFiles/mk4001_bridge.dir/home/pi/pico/pico-sdk/src/rp2_common/pico_double/double_aeabi_rp2040.S.o
                0x10006dcc                __wrap___aeabi_dcmpge
 .text.__wrap___aeabi_dcmpgt
                0x10006ddc        0xa CMakeFiles/mk4001_bridge.dir/home/pi/pico/pico-sdk/src/rp2_common/pico_double/double_aeabi_rp2040.S.o
                0x10006ddc                __wrap___aeabi_dcmpgt
 .text.__wrap___aeabi_dcmpun
                0x10006de6       0x18 CMakeFiles/mk4001_bridge.dir/home/pi/pico/pico-sdk/src/rp2_common/pico_double/double_aeabi_rp2040.S.o
                0x10006de6                __wrap___aeabi_dcmpun
 *fill*         0x10006dfe        0x2 
 .text.__wrap___aeabi_i2d
                0x10006e00       0x38 CMakeFiles/mk4001_bridge.dir/home/pi/pico/pico-sdk/src/rp2_common/pico_double/double_aeabi_rp2040.S.o
                0x10006e00                __wrap___aeabi_ui2d
                0x10006e00                uint2double
                0x10006e08                __wrap___aeabi_i2d
                0x10006e08                int2double
 .text.__wrap___aeabi_d2iz
                0x10006e38       0x48 CMakeFiles/mk4001_bridge.dir/home/pi/pico/pico-sdk/src/rp2_common/pico_double/double_aeabi_rp2040.S.o
                0x10006e38                __wrap___aeabi_d2iz
                0x10006e38                double2int_z
 .text.__wrap___aeabi_d2uiz
                0x10006e80       0x18 CMakeFiles/mk4001_bridge.dir/home/pi/pico/pico-sdk/src/rp2_common/pico_double/double_aeabi_rp2040.S.o
                0x10006e80                double2uint_z
                0x10006e80                double2uint
                0x10006e80                __wrap___aeabi_d2uiz
 .text.__aeabi_double_init
                0x10006e98       0xa4 CMakeFiles/mk4001_bridge.dir/home/pi/pico/pico-sdk/src/rp2_common/pico_double/double_init_rom_rp2040.c.o
                0x10006e98                __aeabi_double_init
 .text.double_table_shim_on_use_helper
                0x10006f3c       0x2c CMakeFiles/mk4001_bridge.dir/home/pi/pico/pico-sdk/src/rp2_common/pico_double/double_v1_rom_shim_rp2040.S.o
                0x10006f3c                double_table_shim_on_use_helper
 .text.__wrap___aeabi_dsub
                0x10006f68       0x10 CMakeFiles/mk4001_bridge.dir/home/pi/pico/pico-sdk/src/rp2_common/pico_double/double_v1_rom_shim_rp2040.S.o
                0x10006f68                drsub_shim
                0x10006f6e                dsub_shim
 .text.dadd_shim
                0x10006f78      0x15c CMakeFiles/mk4001_bridge.dir/home/pi/pico/pico-sdk/src/rp2_common/pico_double/double_v1_rom_shim_rp2040.S.o
                0x10006f78                dadd_shim
 .text.dmul_shim
                0x100070d4      0x15c CMakeFiles/mk4001_bridge.dir/home/pi/pico/pico-sdk/src/rp2_common/pico_double/double_v1_rom_shim_rp2040.S.o
                0x100070d4                dmul_shim
 .text.ddiv_shim
                0x10007230      0x1b0 CMakeFiles/mk4001_bridge.dir/home/pi/pico/pico-sdk/src/rp2_common/pico_double/double_v1_rom_shim_rp2040.S.o
                0x10007230                ddiv_shim
 .text.double2uint_shim
                0x100073e0        0xe CMakeFiles/mk4001_bridge.dir/home/pi/pico/pico-sdk/src/rp2_common/pico_double/double_v1_rom_shim_rp2040.S.o
                0x100073e0                double2uint_shim
                0x100073e2                double2ufix_shim
 *fill*         0x100073ee        0x2 
 .text.double2uint64_shim
                0x100073f0       0x70 CMakeFiles/mk4001_bridge.dir/home/pi/pico/pico-sdk/src/rp2_common/pico_double/double_v1_rom_shim_rp2040.S.o
                0x100073f0                double2uint64_shim
                0x100073f2                double2ufix64_shim
                0x10007412                d2fix_a
 .text.dunpacks
                0x10007460       0x3c CMakeFiles/mk4001_bridge.dir/home/pi/pico/pico-sdk/src/rp2_common/pico_double/double_v1_rom_shim_rp2040.S.o
                0x10007460                dunpacks
 .text.__aeabi_lmul
                0x1000749c       0x32 CMakeFiles/mk4001_bridge.dir/home/pi/pico/pico-sdk/src/rp2_common/pico_int64_ops/pico_int64_ops_aeabi.S.o
                0x1000749c                __wrap___aeabi_lmul
 *fill*         0x100074ce        0x2 
 .text.__wrap___aeabi_farithmetic
                0x100074d0       0x48 CMakeFiles/mk4001_bridge.dir/home/pi/pico/pico-sdk/src/rp2_common/pico_float/float_aeabi_rp2040.S.o
                0x100074d0                __wrap___aeabi_frsub
                0x100074d6                __wrap___aeabi_fsub
                0x100074dc                __wrap___aeabi_fadd
                0x100074e2                __wrap___aeabi_fdiv
                0x1000750a                __wrap___aeabi_fmul
 .text.__wrap___aeabi_ui2f
                0x10007518        0xa CMakeFiles/mk4001_bridge.dir/home/pi/pico/pico-sdk/src/rp2_common/pico_float/float_aeabi_rp2040.S.o
                0x10007518                uint2float
                0x10007518                __wrap___aeabi_ui2f
 *fill*         0x10007522        0x2 
 .text.__wrap___aeabi_i2f
                0x10007524       0x44 CMakeFiles/mk4001_bridge.dir/home/pi/pico/pico-sdk/src/rp2_common/pico_float/float_aeabi_rp2040.S.o
                0x10007524                int2float
                0x10007524                __wrap___aeabi_i2f
 .text.__wrap___aeabi_f2uiz
                0x10007568        0xc CMakeFiles/mk4001_bridge.dir/home/pi/pico/pico-sdk/src/rp2_common/pico_float/float_aeabi_rp2040.S.o
                0x10007568                float2uint
                0x10007568                float2uint_z
                0x10007568                __wrap___aeabi_f2uiz
 .text.__wrap___aeabi_f2d
                0x10007574       0x14 CMakeFiles/mk4001_bridge.dir/home/pi/pico/pico-sdk/src/rp2_common/pico_float/float_aeabi_rp2040.S.o
                0x10007574                __wrap___aeabi_f2d
 .text.__aeabi_float_init
                0x10007588       0x64 CMakeFiles/mk4001_bridge.dir/home/pi/pico/pico-sdk/src/rp2_common/pico_float/float_init_rom_rp2040.c.o
                0x10007588                __aeabi_float_init
 .text.float_table_shim_on_use_helper
                0x100075ec       0x2c CMakeFiles/mk4001_bridge.dir/home/pi/pico/pico-sdk/src/rp2_common/pico_float/float_v1_rom_shim_rp2040.S.o
                0x100075ec                float_table_shim_on_use_helper
 .text.float2double_shim
                0x10007618       0x30 CMakeFiles/mk4001_bridge.dir/home/pi/pico/pico-sdk/src/rp2_common/pico_float/float_v1_rom_shim_rp2040.S.o
                0x10007618                float2double_shim
 .text          0x10007648       0x10 CMakeFiles/mk4001_bridge.dir/home/pi/pico/pico-sdk/src/rp2_common/pico_mem_ops/mem_ops_aeabi.S.o
                0x10007648                __aeabi_mem_init
 .text.memset   0x10007658        0xc CMakeFiles/mk4001_bridge.dir/home/pi/pico/pico-sdk/src/rp2_common/pico_mem_ops/mem_ops_aeabi.S.o
                0x10007658                __wrap_memset
 .text.memcpy   0x10007664        0xc CMakeFiles/mk4001_bridge.dir/home/pi/pico/pico-sdk/src/rp2_common/pico_mem_ops/mem_ops_aeabi.S.o
                0x10007664                __wrap___aeabi_memcpy
                0x10007664                __wrap_memcpy
 .text._out_null
                0x10007670        0x4 CMakeFiles/mk4001_bridge.dir/home/pi/pico/pico-sdk/src/rp2_common/pico_printf/printf.c.o
 .text._out_rev
                0x10007674       0xac CMakeFiles/mk4001_bridge.dir/home/pi/pico/pico-sdk/src/rp2_common/pico_printf/printf.c.o
 .text._ntoa_format
                0x10007720      0x1cc CMakeFiles/mk4001_bridge.dir/home/pi/pico/pico-sdk/src/rp2_common/pico_printf/printf.c.o
 .text._out_char
                0x100078ec       0x10 CMakeFiles/mk4001_bridge.dir/home/pi/pico/pico-sdk/src/rp2_common/pico_printf/printf.c.o
 .text._out_fct
                0x100078fc       0x10 CMakeFiles/mk4001_bridge.dir/home/pi/pico/pico-sdk/src/rp2_common/pico_printf/printf.c.o
 .text._ftoa    0x1000790c      0x4a8 CMakeFiles/mk4001_bridge.dir/home/pi/pico/pico-sdk/src/rp2_common/pico_printf/printf.c.o
 .text._etoa    0x10007db4      0x57c CMakeFiles/mk4001_bridge.dir/home/pi/pico/pico-sdk/src/rp2_common/pico_printf/printf.c.o
 .text._vsnprintf
                0x10008330      0xbe0 CMakeFiles/mk4001_bridge.dir/home/pi/pico/pico-sdk/src/rp2_common/pico_printf/printf.c.o
 .text.vfctprintf
                0x10008f10       0x24 CMakeFiles/mk4001_bridge.dir/home/pi/pico/pico-sdk/src/rp2_common/pico_printf/printf.c.o
                0x10008f10                vfctprintf
 .text.weak_raw_vprintf
                0x10008f34       0x30 CMakeFiles/mk4001_bridge.dir/home/pi/pico/pico-sdk/src/rp2_common/pico_printf/printf.c.o
                0x10008f34                weak_raw_vprintf
 .text._exit    0x10008f64        0x4 CMakeFiles/mk4001_bridge.dir/home/pi/pico/pico-sdk/src/rp2_common/pico_clib_interface/newlib_interface.c.o
                0x10008f64                _exit
 .text.exit     0x10008f68        0x8 CMakeFiles/mk4001_bridge.dir/home/pi/pico/pico-sdk/src/rp2_common/pico_clib_interface/newlib_interface.c.o
                0x10008f68                exit
 .text.runtime_init
                0x10008f70       0x2c CMakeFiles/mk4001_bridge.dir/home/pi/pico/pico-sdk/src/rp2_common/pico_clib_interface/newlib_interface.c.o
                0x10008f70                runtime_init
 .text.stdio_out_chars_no_crlf
                0x10008f9c       0x10 CMakeFiles/mk4001_bridge.dir/home/pi/pico/pico-sdk/src/rp2_common/pico_stdio/stdio.c.o
 .text.stdio_out_chars_crlf
                0x10008fac       0xb0 CMakeFiles/mk4001_bridge.dir/home/pi/pico/pico-sdk/src/rp2_common/pico_stdio/stdio.c.o
 .text.stdio_buffered_printer
                0x1000905c       0x64 CMakeFiles/mk4001_bridge.dir/home/pi/pico/pico-sdk/src/rp2_common/pico_stdio/stdio.c.o
 .text.stdio_put_string
                0x100090c0       0xfc CMakeFiles/mk4001_bridge.dir/home/pi/pico/pico-sdk/src/rp2_common/pico_stdio/stdio.c.o
                0x100090c0                stdio_put_string
 .text.stdio_set_driver_enabled
                0x100091bc       0x30 CMakeFiles/mk4001_bridge.dir/home/pi/pico/pico-sdk/src/rp2_common/pico_stdio/stdio.c.o
                0x100091bc                stdio_set_driver_enabled
 .text.__wrap_putchar
                0x100091ec       0x94 CMakeFiles/mk4001_bridge.dir/home/pi/pico/pico-sdk/src/rp2_common/pico_stdio/stdio.c.o
                0x100091ec                stdio_putchar
                0x100091ec                __wrap_putchar
 .text.__wrap_puts
                0x10009280       0x3c CMakeFiles/mk4001_bridge.dir/home/pi/pico/pico-sdk/src/rp2_common/pico_stdio/stdio.c.o
                0x10009280                __wrap_puts
                0x10009280                stdio_puts
 .text.__wrap_vprintf
                0x100092bc       0xcc CMakeFiles/mk4001_bridge.dir/home/pi/pico/pico-sdk/src/rp2_common/pico_stdio/stdio.c.o
                0x100092bc                __wrap_vprintf
                0x100092bc                stdio_vprintf
 .text.__wrap_printf
                0x10009388       0x18 CMakeFiles/mk4001_bridge.dir/home/pi/pico/pico-sdk/src/rp2_common/pico_stdio/stdio.c.o
                0x10009388                stdio_printf
                0x10009388                __wrap_printf
 .text.stdio_uart_out_chars
                0x100093a0       0x4c CMakeFiles/mk4001_bridge.dir/home/pi/pico/pico-sdk/src/rp2_common/pico_stdio_uart/stdio_uart.c.o
 .text.stdio_uart_in_chars
                0x100093ec       0x90 CMakeFiles/mk4001_bridge.dir/home/pi/pico/pico-sdk/src/rp2_common/pico_stdio_uart/stdio_uart.c.o
                0x100093ec                stdio_uart_in_chars
 .text.on_uart_rx
                0x1000947c       0x28 CMakeFiles/mk4001_bridge.dir/home/pi/pico/pico-sdk/src/rp2_common/pico_stdio_uart/stdio_uart.c.o
 .text.stdio_uart_out_flush
                0x100094a4       0x14 CMakeFiles/mk4001_bridge.dir/home/pi/pico/pico-sdk/src/rp2_common/pico_stdio_uart/stdio_uart.c.o
 .text.stdio_uart_set_chars_available_callback
                0x100094b8       0x84 CMakeFiles/mk4001_bridge.dir/home/pi/pico/pico-sdk/src/rp2_common/pico_stdio_uart/stdio_uart.c.o
 .text.stdio_uart_init_full
                0x1000953c       0x3c CMakeFiles/mk4001_bridge.dir/home/pi/pico/pico-sdk/src/rp2_common/pico_stdio_uart/stdio_uart.c.o
                0x1000953c                stdio_uart_init_full
 .text.pio_sm_claim
                0x10009578       0x30 CMakeFiles/mk4001_bridge.dir/home/pi/pico/pico-sdk/src/rp2_common/hardware_pio/pio.c.o
                0x10009578                pio_sm_claim
 .text.pio_sm_set_consecutive_pindirs
                0x100095a8       0xb4 CMakeFiles/mk4001_bridge.dir/home/pi/pico/pico-sdk/src/rp2_common/hardware_pio/pio.c.o
                0x100095a8                pio_sm_set_consecutive_pindirs
 .text.pio_sm_init
                0x1000965c       0x9c CMakeFiles/mk4001_bridge.dir/home/pi/pico/pico-sdk/src/rp2_common/hardware_pio/pio.c.o
                0x1000965c                pio_sm_init
 .text.dma_claim_unused_channel
                0x100096f8       0x24 CMakeFiles/mk4001_bridge.dir/home/pi/pico/pico-sdk/src/rp2_common/hardware_dma/dma.c.o
                0x100096f8                dma_claim_unused_channel
 .text.dcd_init
                0x1000971c       0x90 CMakeFiles/mk4001_bridge.dir/home/pi/pico/pico-sdk/lib/tinyusb/src/portable/raspberrypi/rp2040/dcd_rp2040.c.o
                0x1000971c                dcd_init
 .text.dcd_int_enable
                0x100097ac        0xc CMakeFiles/mk4001_bridge.dir/home/pi/pico/pico-sdk/lib/tinyusb/src/portable/raspberrypi/rp2040/dcd_rp2040.c.o
                0x100097ac                dcd_int_enable
 .text.dcd_set_address
                0x100097b8       0x14 CMakeFiles/mk4001_bridge.dir/home/pi/pico/pico-sdk/lib/tinyusb/src/portable/raspberrypi/rp2040/dcd_rp2040.c.o
                0x100097b8                dcd_set_address
 .text.dcd_sof_enable
                0x100097cc       0x1c CMakeFiles/mk4001_bridge.dir/home/pi/pico/pico-sdk/lib/tinyusb/src/portable/raspberrypi/rp2040/dcd_rp2040.c.o
                0x100097cc                dcd_sof_enable
 .text.dcd_edpt0_status_complete
                0x100097e8       0x1c CMakeFiles/mk4001_bridge.dir/home/pi/pico/pico-sdk/lib/tinyusb/src/portable/raspberrypi/rp2040/dcd_rp2040.c.o
                0x100097e8                dcd_edpt0_status_complete
 .text.dcd_edpt_open
                0x10009804      0x114 CMakeFiles/mk4001_bridge.dir/home/pi/pico/pico-sdk/lib/tinyusb/src/portable/raspberrypi/rp2040/dcd_rp2040.c.o
                0x10009804                dcd_edpt_open
 .text.dcd_edpt_close_all
                0x10009918        0x8 CMakeFiles/mk4001_bridge.dir/home/pi/pico/pico-sdk/lib/tinyusb/src/portable/raspberrypi/rp2040/dcd_rp2040.c.o
                0x10009918                dcd_edpt_close_all
 .text.dcd_edpt_xfer
                0x10009920       0x24 CMakeFiles/mk4001_bridge.dir/home/pi/pico/pico-sdk/lib/tinyusb/src/portable/raspberrypi/rp2040/dcd_rp2040.c.o
                0x10009920                dcd_edpt_xfer
 .text.dcd_edpt_stall
                0x10009944       0x3c CMakeFiles/mk4001_bridge.dir/home/pi/pico/pico-sdk/lib/tinyusb/src/portable/raspberrypi/rp2040/dcd_rp2040.c.o
                0x10009944                dcd_edpt_stall
 .text.dcd_edpt_clear_stall
                0x10009980       0x30 CMakeFiles/mk4001_bridge.dir/home/pi/pico/pico-sdk/lib/tinyusb/src/portable/raspberrypi/rp2040/dcd_rp2040.c.o
                0x10009980                dcd_edpt_clear_stall
 .text.rp2040_usb_init
                0x100099b0       0x40 CMakeFiles/mk4001_bridge.dir/home/pi/pico/pico-sdk/lib/tinyusb/src/portable/raspberrypi/rp2040/rp2040_usb.c.o
                0x100099b0                rp2040_usb_init
 .text.hw_endpoint_xfer_start
                0x100099f0       0x40 CMakeFiles/mk4001_bridge.dir/home/pi/pico/pico-sdk/lib/tinyusb/src/portable/raspberrypi/rp2040/rp2040_usb.c.o
                0x100099f0                hw_endpoint_xfer_start
 .text.tud_vendor_control_xfer_cb
                0x10009a30        0x4 CMakeFiles/mk4001_bridge.dir/home/pi/pico/pico-sdk/lib/tinyusb/src/device/usbd.c.o
                0x10009a30                tud_vendor_control_xfer_cb
 .text.tud_event_hook_cb
                0x10009a34        0x4 CMakeFiles/mk4001_bridge.dir/home/pi/pico/pico-sdk/lib/tinyusb/src/device/usbd.c.o
                0x10009a34                tud_event_hook_cb
 .text.tud_sof_cb
                0x10009a38        0x4 CMakeFiles/mk4001_bridge.dir/home/pi/pico/pico-sdk/lib/tinyusb/src/device/usbd.c.o
                0x10009a38                tud_sof_cb
 .text.tud_descriptor_bos_cb
                0x10009a3c        0x4 CMakeFiles/mk4001_bridge.dir/home/pi/pico/pico-sdk/lib/tinyusb/src/device/usbd.c.o
                0x10009a3c                tud_descriptor_bos_cb
 .text.tud_descriptor_device_qualifier_cb
                0x10009a40        0x4 CMakeFiles/mk4001_bridge.dir/home/pi/pico/pico-sdk/lib/tinyusb/src/device/usbd.c.o
                0x10009a40                tud_descriptor_device_qualifier_cb
 .text.tud_descriptor_other_speed_configuration_cb
                0x10009a44        0x4 CMakeFiles/mk4001_bridge.dir/home/pi/pico/pico-sdk/lib/tinyusb/src/device/usbd.c.o
                0x10009a44                tud_descriptor_other_speed_configuration_cb
 .text.tud_mount_cb
                0x10009a48        0x4 CMakeFiles/mk4001_bridge.dir/home/pi/pico/pico-sdk/lib/tinyusb/src/device/usbd.c.o
                0x10009a48                tud_mount_cb
 .text.tud_umount_cb
                0x10009a4c        0x4 CMakeFiles/mk4001_bridge.dir/home/pi/pico/pico-sdk/lib/tinyusb/src/device/usbd.c.o
                0x10009a4c                tud_umount_cb
 .text.tud_rhport_init
                0x10009a50       0xec CMakeFiles/mk4001_bridge.dir/home/pi/pico/pico-sdk/lib/tinyusb/src/device/usbd.c.o
                0x10009a50                tud_rhport_init
 .text.tud_task_ext
                0x10009b3c      0x7c0 CMakeFiles/mk4001_bridge.dir/home/pi/pico/pico-sdk/lib/tinyusb/src/device/usbd.c.o
                0x10009b3c                tud_task_ext
 .text.usbd_open_edpt_pair
                0x1000a2fc       0x9c CMakeFiles/mk4001_bridge.dir/home/pi/pico/pico-sdk/lib/tinyusb/src/device/usbd.c.o
                0x1000a2fc                usbd_open_edpt_pair
 .text.usbd_edpt_xfer
                0x1000a398       0x4c CMakeFiles/mk4001_bridge.dir/home/pi/pico/pico-sdk/lib/tinyusb/src/device/usbd.c.o
                0x1000a398                usbd_edpt_xfer
 .text.usbd_edpt_busy
                0x1000a3e4       0x1c CMakeFiles/mk4001_bridge.dir/home/pi/pico/pico-sdk/lib/tinyusb/src/device/usbd.c.o
                0x1000a3e4                usbd_edpt_busy
 .text.usbd_edpt_stall
                0x1000a400       0x38 CMakeFiles/mk4001_bridge.dir/home/pi/pico/pico-sdk/lib/tinyusb/src/device/usbd.c.o
                0x1000a400                usbd_edpt_stall
 .text.usbd_edpt_stalled
                0x1000a438       0x1c CMakeFiles/mk4001_bridge.dir/home/pi/pico/pico-sdk/lib/tinyusb/src/device/usbd.c.o
                0x1000a438                usbd_edpt_stalled
 .text.tud_control_status
                0x1000a454       0x2c CMakeFiles/mk4001_bridge.dir/home/pi/pico/pico-sdk/lib/tinyusb/src/device/usbd_control.c.o
                0x1000a454                tud_control_status
 .text.tud_control_xfer
                0x1000a480       0xa8 CMakeFiles/mk4001_bridge.dir/home/pi/pico/pico-sdk/lib/tinyusb/src/device/usbd_control.c.o
                0x1000a480                tud_control_xfer
 .text.usbd_control_reset
                0x1000a528       0x14 CMakeFiles/mk4001_bridge.dir/home/pi/pico/pico-sdk/lib/tinyusb/src/device/usbd_control.c.o
                0x1000a528                usbd_control_reset
 .text.usbd_control_set_complete_callback
                0x1000a53c        0xc CMakeFiles/mk4001_bridge.dir/home/pi/pico/pico-sdk/lib/tinyusb/src/device/usbd_control.c.o
                0x1000a53c                usbd_control_set_complete_callback
 .text.usbd_control_set_request
                0x1000a548       0x1c CMakeFiles/mk4001_bridge.dir/home/pi/pico/pico-sdk/lib/tinyusb/src/device/usbd_control.c.o
                0x1000a548                usbd_control_set_request
 .text.usbd_control_xfer_cb
                0x1000a564       0xec CMakeFiles/mk4001_bridge.dir/home/pi/pico/pico-sdk/lib/tinyusb/src/device/usbd_control.c.o
                0x1000a564                usbd_control_xfer_cb
 .text.tusb_rhport_init
                0x1000a650       0x4c CMakeFiles/mk4001_bridge.dir/home/pi/pico/pico-sdk/lib/tinyusb/src/tusb.c.o
                0x1000a650                tusb_rhport_init
 .text.tu_edpt_validate
                0x1000a69c       0x7c CMakeFiles/mk4001_bridge.dir/home/pi/pico/pico-sdk/lib/tinyusb/src/tusb.c.o
                0x1000a69c                tu_edpt_validate
 .text.tu_edpt_bind_driver
                0x1000a718       0x34 CMakeFiles/mk4001_bridge.dir/home/pi/pico/pico-sdk/lib/tinyusb/src/tusb.c.o
                0x1000a718                tu_edpt_bind_driver
 .text.tu_fifo_read
                0x1000a74c       0x9c CMakeFiles/mk4001_bridge.dir/home/pi/pico/pico-sdk/lib/tinyusb/src/common/tusb_fifo.c.o
                0x1000a74c                tu_fifo_read
 .text.tu_fifo_write
                0x1000a7e8       0xa4 CMakeFiles/mk4001_bridge.dir/home/pi/pico/pico-sdk/lib/tinyusb/src/common/tusb_fifo.c.o
                0x1000a7e8                tu_fifo_write
 .text.tu_fifo_clear
                0x1000a88c       0x40 CMakeFiles/mk4001_bridge.dir/home/pi/pico/pico-sdk/lib/tinyusb/src/common/tusb_fifo.c.o
                0x1000a88c                tu_fifo_clear
 .text.startup._retrieve_unique_id_on_boot
                0x1000a8cc       0x10 CMakeFiles/mk4001_bridge.dir/home/pi/pico/pico-sdk/src/rp2_common/pico_unique_id/unique_id.c.o
 .text.flash_get_unique_id
                0x1000a8dc       0x3c CMakeFiles/mk4001_bridge.dir/home/pi/pico/pico-sdk/src/rp2_common/hardware_flash/flash.c.o
                0x1000a8dc                flash_get_unique_id
 .text          0x1000a918       0x5c /usr/lib/gcc/arm-none-eabi/14.2.1/../../../arm-none-eabi/lib/thumb/v6-m/nofp/libg.a(libc_a-strlen-stub.o)
                0x1000a918                strlen
 .text          0x1000a974       0x28 /usr/lib/gcc/arm-none-eabi/14.2.1/../../../arm-none-eabi/lib/thumb/v6-m/nofp/libg.a(libc_a-fini.o)
                0x1000a974                __libc_fini_array
 .text          0x1000a99c       0xb0 /usr/lib/gcc/arm-none-eabi/14.2.1/../../../arm-none-eabi/lib/thumb/v6-m/nofp/libg.a(libc_a-memmove.o)
                0x1000a99c                memmove
 .text          0x1000aa4c       0x10 /usr/lib/gcc/arm-none-eabi/14.2.1/../../../arm-none-eabi/lib/thumb/v6-m/nofp/libg.a(libc_a-atexit.o)
                0x1000aa4c                atexit
 .text          0x1000aa5c       0x78 /usr/lib/gcc/arm-none-eabi/14.2.1/../../../arm-none-eabi/lib/thumb/v6-m/nofp/libg.a(libc_a-__atexit.o)
                0x1000aa5c                __register_exitproc
 .text.startup  0x1000aad4       0x18 /usr/lib/gcc/arm-none-eabi/14.2.1/../../../arm-none-eabi/lib/thumb/v6-m/nofp/libg.a(libc_a-__call_atexit.o)
 *(.fini)
 .fini          0x1000aaec        0x4 /usr/lib/gcc/arm-none-eabi/14.2.1/thumb/v6-m/nofp/crti.o
                0x1000aaec                _fini
 .fini.__stub   0x1000aaf0       0xc0 linker stubs
 *crtbegin.o(.ctors)
 *crtbegin?.o(.ctors)
 *(EXCLUDE_FILE(*crtend.o *crtend?.o) .ctors)
 *(SORT_BY_NAME(.ctors.*))
 *(.ctors)
 *crtbegin.o(.dtors)
 *crtbegin?.o(.dtors)
 *(EXCLUDE_FILE(*crtend.o *crtend?.o) .dtors)
 *(SORT_BY_NAME(.dtors.*))
 *(.dtors)
                0x1000abb0                        . = ALIGN (0x4)
                0x1000abb0                        PROVIDE (__preinit_array_start = .)
 *(SORT_BY_NAME(.preinit_array.*))
 .preinit_array.00100
                0x1000abb0        0x4 CMakeFiles/mk4001_bridge.dir/home/pi/pico/pico-sdk/src/rp2_common/pico_runtime_init/runtime_init.c.o
                0x1000abb0                __pre_init_runtime_init_early_resets
 .preinit_array.00101
                0x1000abb4        0x4 CMakeFiles/mk4001_bridge.dir/home/pi/pico/pico-sdk/src/rp2_common/pico_runtime_init/runtime_init.c.o
                0x1000abb4                __pre_init_runtime_init_usb_power_down
 .preinit_array.00275
                0x1000abb8        0x4 CMakeFiles/mk4001_bridge.dir/home/pi/pico/pico-sdk/src/rp2_common/pico_bit_ops/bit_ops_aeabi.S.o
 .preinit_array.00300
                0x1000abbc        0x4 CMakeFiles/mk4001_bridge.dir/home/pi/pico/pico-sdk/src/rp2_common/pico_mem_ops/mem_ops_aeabi.S.o
 .preinit_array.00350
                0x1000abc0        0x4 CMakeFiles/mk4001_bridge.dir/home/pi/pico/pico-sdk/src/rp2_common/pico_double/double_aeabi_rp2040.S.o
 .preinit_array.00350
                0x1000abc4        0x4 CMakeFiles/mk4001_bridge.dir/home/pi/pico/pico-sdk/src/rp2_common/pico_float/float_aeabi_rp2040.S.o
 .preinit_array.00500
                0x1000abc8        0x4 CMakeFiles/mk4001_bridge.dir/home/pi/pico/pico-sdk/src/rp2_common/pico_runtime_init/runtime_init.c.o
                0x1000abc8                __pre_init_runtime_init_clocks
 .preinit_array.00600
                0x1000abcc        0x4 CMakeFiles/mk4001_bridge.dir/home/pi/pico/pico-sdk/src/rp2_common/pico_runtime_init/runtime_init.c.o
                0x1000abcc                __pre_init_runtime_init_post_clock_resets
 .preinit_array.00700
                0x1000abd0        0x4 CMakeFiles/mk4001_bridge.dir/home/pi/pico/pico-sdk/src/rp2_common/pico_runtime_init/runtime_init.c.o
                0x1000abd0                __pre_init_runtime_init_rp2040_gpio_ie_disable
 .preinit_array.01000
                0x1000abd4        0x4 CMakeFiles/mk4001_bridge.dir/home/pi/pico/pico-sdk/src/rp2_common/pico_runtime_init/runtime_init.c.o
                0x1000abd4                __pre_init_runtime_init_spin_locks_reset
 .preinit_array.01100
                0x1000abd8        0x4 CMakeFiles/mk4001_bridge.dir/home/pi/pico/pico-sdk/src/common/pico_sync/mutex.c.o
                0x1000abd8                __pre_init_runtime_init_mutex
 .preinit_array.10080
                0x1000abdc        0x4 CMakeFiles/mk4001_bridge.dir/home/pi/pico/pico-sdk/src/rp2_common/pico_runtime_init/runtime_init.c.o
                0x1000abdc                __pre_init_runtime_init_install_ram_vector_table
 .preinit_array.11000
                0x1000abe0        0x4 CMakeFiles/mk4001_bridge.dir/home/pi/pico/pico-sdk/src/common/pico_time/time.c.o
                0x1000abe0                __pre_init_runtime_init_default_alarm_pool
 .preinit_array.YYYYY
                0x1000abe4        0x4 CMakeFiles/mk4001_bridge.dir/home/pi/pico/pico-sdk/src/rp2_common/pico_runtime/runtime.c.o
                0x1000abe4                __pre_init_first_per_core_initializer
 .preinit_array.ZZZZZ.01200
                0x1000abe8        0x4 CMakeFiles/mk4001_bridge.dir/home/pi/pico/pico-sdk/src/rp2_common/hardware_irq/irq.c.o
                0x1000abe8                __pre_init_runtime_init_per_core_irq_priorities
 *(.preinit_array)
                0x1000abec                        PROVIDE (__preinit_array_end = .)
                0x1000abec                        . = ALIGN (0x4)
                0x1000abec                        PROVIDE (__init_array_start = .)
 *(SORT_BY_NAME(.init_array.*))
 .init_array.00000
                0x1000abec        0x4 /usr/lib/gcc/arm-none-eabi/14.2.1/../../../arm-none-eabi/lib/thumb/v6-m/nofp/libg.a(libc_a-__call_atexit.o)
 .init_array.01000
                0x1000abf0        0x4 CMakeFiles/mk4001_bridge.dir/home/pi/pico/pico-sdk/src/rp2_common/pico_unique_id/unique_id.c.o
 *(.init_array)
 .init_array    0x1000abf4        0x4 /usr/lib/gcc/arm-none-eabi/14.2.1/thumb/v6-m/nofp/crtbegin.o
                0x1000abf8                        PROVIDE (__init_array_end = .)
                0x1000abf8                        . = ALIGN (0x4)
                0x1000abf8                        PROVIDE (__fini_array_start = .)
 *(SORT_BY_NAME(.fini_array.*))
 *(.fini_array)
                0x1000abf8                        PROVIDE (__fini_array_end = .)
 *(.eh_frame*)
 .eh_frame      0x1000abf8        0x0 /usr/lib/gcc/arm-none-eabi/14.2.1/thumb/v6-m/nofp/crtbegin.o
                0x1000abf8                        . = ALIGN (0x4)

.glue_7         0x1000abf8        0x0
 .glue_7        0x1000abf8        0x0 linker stubs

.glue_7t        0x1000abf8        0x0
 .glue_7t       0x1000abf8        0x0 linker stubs

.vfp11_veneer   0x1000abf8        0x0
 .vfp11_veneer  0x1000abf8        0x0 linker stubs

.v4_bx          0x1000abf8        0x0
 .v4_bx         0x1000abf8        0x0 linker stubs

.iplt           0x1000abf8        0x0
 .iplt          0x1000abf8        0x0 /usr/lib/gcc/arm-none-eabi/14.2.1/thumb/v6-m/nofp/crtbegin.o

.rodata         0x1000abf8     0x1920
 *(EXCLUDE_FILE(*libm.a: *libc.a:*lib_a-mem*.o *libgcc.a:) .rodata*)
 .rodata.sdio_init_poll.str1.4
                0x1000abf8     0x1280 CMakeFiles/mk4001_bridge.dir/src/main.c.o
                                 0x41 (size before relaxing)
 .rodata.init_drive.str1.4
                0x1000be78      0x139 CMakeFiles/mk4001_bridge.dir/src/main.c.o
 .rodata.main.str1.4
                0x1000be78      0x1b7 CMakeFiles/mk4001_bridge.dir/src/main.c.o
 .rodata.main   0x1000be78       0x18 CMakeFiles/mk4001_bridge.dir/src/main.c.o
 .rodata.tud_suspend_cb.str1.4
                0x1000be90       0x3a CMakeFiles/mk4001_bridge.dir/src/main.c.o
 .rodata.tud_resume_cb.str1.4
                0x1000be90        0xd CMakeFiles/mk4001_bridge.dir/src/main.c.o
 .rodata        0x1000be90       0x10 CMakeFiles/mk4001_bridge.dir/src/main.c.o
 .rodata.hdd_power_on.str1.4
                0x1000bea0       0x14 CMakeFiles/mk4001_bridge.dir/src/sdio_hw.c.o
 .rodata.hdd_power_off.str1.4
                0x1000bea0       0x15 CMakeFiles/mk4001_bridge.dir/src/sdio_hw.c.o
 .rodata.ata_log_status_error.str1.4
                0x1000bea0       0x8a CMakeFiles/mk4001_bridge.dir/src/ata_sdio.c.o
 .rodata.ata_wait_command_result.str1.4
                0x1000bea0       0x52 CMakeFiles/mk4001_bridge.dir/src/ata_sdio.c.o
 .rodata.ata_identify.str1.4
                0x1000bea0       0xa6 CMakeFiles/mk4001_bridge.dir/src/ata_sdio.c.o
 .rodata.ata_read_sectors.str1.4
                0x1000bea0       0xbd CMakeFiles/mk4001_bridge.dir/src/ata_sdio.c.o
 .rodata.ata_write_sectors.str1.4
                0x1000bea0       0xca CMakeFiles/mk4001_bridge.dir/src/ata_sdio.c.o
 .rodata.ata_print_identify.str1.4
                0x1000bea0       0x8d CMakeFiles/mk4001_bridge.dir/src/ata_sdio.c.o
 .rodata.ata_error_recovery.str1.4
                0x1000bea0       0x66 CMakeFiles/mk4001_bridge.dir/src/ata_sdio.c.o
 .rodata.ata_read_sector_fast.str1.4
                0x1000bea0       0x6b CMakeFiles/mk4001_bridge.dir/src/ata_sdio.c.o
 .rodata.ata_write_sector_fast.str1.4
                0x1000bea0       0x6b CMakeFiles/mk4001_bridge.dir/src/ata_sdio.c.o
 .rodata.ata_flush_cache.str1.4
                0x1000bea0       0x70 CMakeFiles/mk4001_bridge.dir/src/ata_sdio.c.o
 .rodata.ata_smart_dump.str1.4
                0x1000bea0       0xd4 CMakeFiles/mk4001_bridge.dir/src/ata_sdio.c.o
 .rodata.str1.4
                0x1000bea0       0xa8 CMakeFiles/mk4001_bridge.dir/src/ata_sdio.c.o
 .rodata.vc2.0  0x1000bea0       0x48 CMakeFiles/mk4001_bridge.dir/src/ata_sdio.c.o
 .rodata.sdio_pio_init.str1.4
                0x1000bee8       0x30 CMakeFiles/mk4001_bridge.dir/src/sdio_pio.c.o
 .rodata.sdio_pio_send_cmd.str1.4
                0x1000bee8       0x15 CMakeFiles/mk4001_bridge.dir/src/sdio_pio.c.o
 .rodata.sdio_pio_wait_ready_ocr.constprop.0.str1.4
                0x1000bee8       0x48 CMakeFiles/mk4001_bridge.dir/src/sdio_pio.c.o
 .rodata.sdio_pio_finish_init_with_rca.str1.4
                0x1000bee8       0x4a CMakeFiles/mk4001_bridge.dir/src/sdio_pio.c.o
 .rodata.sdio_pio_cmd53_read_block.str1.4
                0x1000bee8       0xb8 CMakeFiles/mk4001_bridge.dir/src/sdio_pio.c.o
 .rodata.sdio_pio_cmd53_write_block.str1.4
                0x1000bee8       0x54 CMakeFiles/mk4001_bridge.dir/src/sdio_pio.c.o
 .rodata.sdio_pio_try_warm_probe.str1.4
                0x1000bee8       0x76 CMakeFiles/mk4001_bridge.dir/src/sdio_pio.c.o
 .rodata.sdio_pio_card_init.str1.4
                0x1000bee8      0x116 CMakeFiles/mk4001_bridge.dir/src/sdio_pio.c.o
 .rodata.crc16_lut
                0x1000bee8      0x200 CMakeFiles/mk4001_bridge.dir/src/sdio_pio.c.o
 .rodata.sdio_cmd_tx_rx_program_instructions
                0x1000c0e8       0x30 CMakeFiles/mk4001_bridge.dir/src/sdio_pio.c.o
 .rodata.str1.4
                0x1000c118       0x26 CMakeFiles/mk4001_bridge.dir/src/usb_descriptors.c.o
 .rodata.string_desc_arr
                0x1000c118       0x10 CMakeFiles/mk4001_bridge.dir/src/usb_descriptors.c.o
 .rodata.__compound_literal.0
                0x1000c128        0x2 CMakeFiles/mk4001_bridge.dir/src/usb_descriptors.c.o
 *fill*         0x1000c12a        0x2 
 .rodata.desc_configuration
                0x1000c12c       0x20 CMakeFiles/mk4001_bridge.dir/src/usb_descriptors.c.o
                0x1000c12c                desc_configuration
 .rodata.desc_device
                0x1000c14c       0x12 CMakeFiles/mk4001_bridge.dir/src/usb_descriptors.c.o
                0x1000c14c                desc_device
 .rodata.msc_fallback_sectors.str1.4
                0x1000c15e       0x84 CMakeFiles/mk4001_bridge.dir/src/msc_device.c.o
 .rodata.wb_flush.str1.4
                0x1000c15e       0x72 CMakeFiles/mk4001_bridge.dir/src/msc_device.c.o
 .rodata.msc_touch_activity.str1.4
                0x1000c15e       0x8d CMakeFiles/mk4001_bridge.dir/src/msc_device.c.o
 .rodata.msc_transfer.str1.4
                0x1000c15e       0x94 CMakeFiles/mk4001_bridge.dir/src/msc_device.c.o
 .rodata.msc_power_gate.str1.4
                0x1000c15e       0x43 CMakeFiles/mk4001_bridge.dir/src/msc_device.c.o
 .rodata.tud_msc_inquiry_cb.str1.4
                0x1000c15e       0x1d CMakeFiles/mk4001_bridge.dir/src/msc_device.c.o
 .rodata.tud_msc_start_stop_cb.str1.4
                0x1000c15e       0x16 CMakeFiles/mk4001_bridge.dir/src/msc_device.c.o
 .rodata.tud_msc_read10_cb.str1.4
                0x1000c15e       0x2a CMakeFiles/mk4001_bridge.dir/src/msc_device.c.o
 .rodata.tud_msc_write10_cb.str1.4
                0x1000c15e       0x2b CMakeFiles/mk4001_bridge.dir/src/msc_device.c.o
 .rodata.tud_msc_scsi_cb.str1.4
                0x1000c15e       0x22 CMakeFiles/mk4001_bridge.dir/src/msc_device.c.o
 *fill*         0x1000c15e        0x2 
 .rodata.mscd_xfer_cb
                0x1000c160       0x98 CMakeFiles/mk4001_bridge.dir/lib/tinyusb_patched/msc_device.c.o
 .rodata.panic.str1.4
                0x1000c1f8       0x12 CMakeFiles/mk4001_bridge.dir/home/pi/pico/pico-sdk/src/rp2_common/pico_platform_panic/panic.c.o
 .rodata.spin_lock_claim_unused.str1.4
                0x1000c1f8       0x1b CMakeFiles/mk4001_bridge.dir/home/pi/pico/pico-sdk/src/rp2_common/hardware_sync/sync.c.o
 .rodata.timer_hardware_alarm_claim.str1.4
                0x1000c1f8       0x22 CMakeFiles/mk4001_bridge.dir/home/pi/pico/pico-sdk/src/rp2_common/hardware_timer/timer.c.o
 .rodata.hard_assertion_failure.str1.4
                0x1000c1f8        0xc CMakeFiles/mk4001_bridge.dir/home/pi/pico/pico-sdk/src/rp2_common/pico_runtime/runtime.c.o
 .rodata.str1.4
                0x1000c1f8       0x44 CMakeFiles/mk4001_bridge.dir/home/pi/pico/pico-sdk/src/rp2_common/pico_standard_binary_info/standard_binary_info.c.o
 .rodata.__bi_84
                0x1000c1f8        0xc CMakeFiles/mk4001_bridge.dir/home/pi/pico/pico-sdk/src/rp2_common/pico_standard_binary_info/standard_binary_info.c.o
 .rodata.__bi_78
                0x1000c204        0xc CMakeFiles/mk4001_bridge.dir/home/pi/pico/pico-sdk/src/rp2_common/pico_standard_binary_info/standard_binary_info.c.o
 .rodata.__bi_54
                0x1000c210        0xc CMakeFiles/mk4001_bridge.dir/home/pi/pico/pico-sdk/src/rp2_common/pico_standard_binary_info/standard_binary_info.c.o
 .rodata.__bi_48
                0x1000c21c        0xc CMakeFiles/mk4001_bridge.dir/home/pi/pico/pico-sdk/src/rp2_common/pico_standard_binary_info/standard_binary_info.c.o
 .rodata.__bi_42
                0x1000c228        0xc CMakeFiles/mk4001_bridge.dir/home/pi/pico/pico-sdk/src/rp2_common/pico_standard_binary_info/standard_binary_info.c.o
 .rodata.__bi_34
                0x1000c234        0xc CMakeFiles/mk4001_bridge.dir/home/pi/pico/pico-sdk/src/rp2_common/pico_standard_binary_info/standard_binary_info.c.o
 .rodata.__bi_26
                0x1000c240        0xc CMakeFiles/mk4001_bridge.dir/home/pi/pico/pico-sdk/src/rp2_common/pico_standard_binary_info/standard_binary_info.c.o
 .rodata._ftoa.str1.4
                0x1000c24c       0x15 CMakeFiles/mk4001_bridge.dir/home/pi/pico/pico-sdk/src/rp2_common/pico_printf/printf.c.o
 .rodata._vsnprintf
                0x1000c24c      0x19c CMakeFiles/mk4001_bridge.dir/home/pi/pico/pico-sdk/src/rp2_common/pico_printf/printf.c.o
 .rodata.pow10.0
                0x1000c3e8       0x50 CMakeFiles/mk4001_bridge.dir/home/pi/pico/pico-sdk/src/rp2_common/pico_printf/printf.c.o
 .rodata.crlf_str.0
                0x1000c438        0x2 CMakeFiles/mk4001_bridge.dir/home/pi/pico/pico-sdk/src/rp2_common/pico_stdio/stdio.c.o
 .rodata.pio_sm_claim.str1.4
                0x1000c43a       0x40 CMakeFiles/mk4001_bridge.dir/home/pi/pico/pico-sdk/src/rp2_common/hardware_pio/pio.c.o
 .rodata.dma_claim_unused_channel.str1.4
                0x1000c43a       0x1e CMakeFiles/mk4001_bridge.dir/home/pi/pico/pico-sdk/src/rp2_common/hardware_dma/dma.c.o
 .rodata.str1.4
                0x1000c43a       0x14 CMakeFiles/mk4001_bridge.dir/home/pi/pico/pico-sdk/lib/tinyusb/src/portable/raspberrypi/rp2040/dcd_rp2040.c.o
 .rodata.str1.4
                0x1000c43a       0x48 CMakeFiles/mk4001_bridge.dir/home/pi/pico/pico-sdk/lib/tinyusb/src/portable/raspberrypi/rp2040/rp2040_usb.c.o
 *fill*         0x1000c43a        0x2 
 .rodata.tud_task_ext
                0x1000c43c       0x8c CMakeFiles/mk4001_bridge.dir/home/pi/pico/pico-sdk/lib/tinyusb/src/device/usbd.c.o
 .rodata        0x1000c4c8       0x1c CMakeFiles/mk4001_bridge.dir/home/pi/pico/pico-sdk/lib/tinyusb/src/device/usbd.c.o
 .rodata._usbd_driver
                0x1000c4e4       0x20 CMakeFiles/mk4001_bridge.dir/home/pi/pico/pico-sdk/lib/tinyusb/src/device/usbd.c.o
 .rodata.str1.4
                0x1000c504        0x4 CMakeFiles/mk4001_bridge.dir/home/pi/pico/pico-sdk/lib/tinyusb/hw/bsp/rp2040/family.c.o
 .rodata.__bi_153.0
                0x1000c504        0xc CMakeFiles/mk4001_bridge.dir/home/pi/pico/pico-sdk/lib/tinyusb/hw/bsp/rp2040/family.c.o
 .rodata.__bi_163.1
                0x1000c510        0x8 CMakeFiles/mk4001_bridge.dir/home/pi/pico/pico-sdk/lib/tinyusb/hw/bsp/rp2040/family.c.o
                0x1000c518                        . = ALIGN (0x4)
 *(SORT_BY_ALIGNMENT(SORT_BY_NAME(.flashdata*)))
                0x1000c518                        . = ALIGN (0x4)

.ARM.extab
 *(.ARM.extab* .gnu.linkonce.armextab.*)
                0x1000c518                        __exidx_start = .

.ARM.exidx
 *(.ARM.exidx* .gnu.linkonce.armexidx.*)
                0x1000c518                        __exidx_end = .
                0x1000c518                        . = ALIGN (0x4)
                0x1000c518                        __binary_info_start = .

.binary_info    0x1000c518       0x24
 *(.binary_info.keep.*)
 .binary_info.keep.__bi_ptr84
                0x1000c518        0x4 CMakeFiles/mk4001_bridge.dir/home/pi/pico/pico-sdk/src/rp2_common/pico_standard_binary_info/standard_binary_info.c.o
 .binary_info.keep.__bi_ptr78
                0x1000c51c        0x4 CMakeFiles/mk4001_bridge.dir/home/pi/pico/pico-sdk/src/rp2_common/pico_standard_binary_info/standard_binary_info.c.o
 .binary_info.keep.__bi_ptr54
                0x1000c520        0x4 CMakeFiles/mk4001_bridge.dir/home/pi/pico/pico-sdk/src/rp2_common/pico_standard_binary_info/standard_binary_info.c.o
 .binary_info.keep.__bi_ptr48
                0x1000c524        0x4 CMakeFiles/mk4001_bridge.dir/home/pi/pico/pico-sdk/src/rp2_common/pico_standard_binary_info/standard_binary_info.c.o
 .binary_info.keep.__bi_ptr42
                0x1000c528        0x4 CMakeFiles/mk4001_bridge.dir/home/pi/pico/pico-sdk/src/rp2_common/pico_standard_binary_info/standard_binary_info.c.o
 .binary_info.keep.__bi_ptr34
                0x1000c52c        0x4 CMakeFiles/mk4001_bridge.dir/home/pi/pico/pico-sdk/src/rp2_common/pico_standard_binary_info/standard_binary_info.c.o
 .binary_info.keep.__bi_ptr26
                0x1000c530        0x4 CMakeFiles/mk4001_bridge.dir/home/pi/pico/pico-sdk/src/rp2_common/pico_standard_binary_info/standard_binary_info.c.o
 .binary_info.keep.__bi_ptr163
                0x1000c534        0x4 CMakeFiles/mk4001_bridge.dir/home/pi/pico/pico-sdk/lib/tinyusb/hw/bsp/rp2040/family.c.o
 .binary_info.keep.__bi_ptr153
                0x1000c538        0x4 CMakeFiles/mk4001_bridge.dir/home/pi/pico/pico-sdk/lib/tinyusb/hw/bsp/rp2040/family.c.o
 *(.binary_info.*)
                0x1000c53c                        __binary_info_end = .
                0x1000c53c                        . = ALIGN (0x4)

.ram_vector_table
                0x20000000       0xc0
 *(.ram_vector_table)
 .ram_vector_table
                0x20000000       0xc0 CMakeFiles/mk4001_bridge.dir/home/pi/pico/pico-sdk/src/rp2_common/pico_runtime_init/runtime_init.c.o
                0x20000000                ram_vector_table

.uninitialized_data
                0x200000c0        0x0
                0x200000c0                        . = ALIGN (0x4)
 *(.uninitialized_data*)

.data           0x200000c0      0xfc0 load address 0x1000c53c
                0x200000c0                        __data_start__ = .
 *(vtable)
 *(.time_critical*)
 .time_critical.mutex_try_enter_block_until
                0x200000c0       0x98 CMakeFiles/mk4001_bridge.dir/home/pi/pico/pico-sdk/src/common/pico_sync/mutex.c.o
                0x200000c0                mutex_try_enter_block_until
 .time_critical.mutex_enter_timeout_ms
                0x20000158       0x8c CMakeFiles/mk4001_bridge.dir/home/pi/pico/pico-sdk/src/common/pico_sync/mutex.c.o
                0x20000158                mutex_enter_timeout_ms
 .time_critical.mutex_exit
                0x200001e4       0x28 CMakeFiles/mk4001_bridge.dir/home/pi/pico/pico-sdk/src/common/pico_sync/mutex.c.o
                0x200001e4                mutex_exit
 .time_critical.reset_non_control_endpoints
                0x2000020c       0x68 CMakeFiles/mk4001_bridge.dir/home/pi/pico/pico-sdk/lib/tinyusb/src/portable/raspberrypi/rp2040/dcd_rp2040.c.o
 .time_critical.hw_handle_buff_status
                0x20000274       0xa0 CMakeFiles/mk4001_bridge.dir/home/pi/pico/pico-sdk/lib/tinyusb/src/portable/raspberrypi/rp2040/dcd_rp2040.c.o
 .time_critical.dcd_rp2040_irq
                0x20000314      0x548 CMakeFiles/mk4001_bridge.dir/home/pi/pico/pico-sdk/lib/tinyusb/src/portable/raspberrypi/rp2040/dcd_rp2040.c.o
 .time_critical.prepare_ep_buffer
                0x2000085c       0xc8 CMakeFiles/mk4001_bridge.dir/home/pi/pico/pico-sdk/lib/tinyusb/src/portable/raspberrypi/rp2040/rp2040_usb.c.o
 .time_critical.sync_ep_buffer
                0x20000924       0x9c CMakeFiles/mk4001_bridge.dir/home/pi/pico/pico-sdk/lib/tinyusb/src/portable/raspberrypi/rp2040/rp2040_usb.c.o
 .time_critical._hw_endpoint_xfer_sync
                0x200009c0       0x28 CMakeFiles/mk4001_bridge.dir/home/pi/pico/pico-sdk/lib/tinyusb/src/portable/raspberrypi/rp2040/rp2040_usb.c.o
 .time_critical.e15_is_bulkin_ep
                0x200009e8       0x28 CMakeFiles/mk4001_bridge.dir/home/pi/pico/pico-sdk/lib/tinyusb/src/portable/raspberrypi/rp2040/rp2040_usb.c.o
 .time_critical.e15_is_critical_frame_period
                0x20000a10       0x34 CMakeFiles/mk4001_bridge.dir/home/pi/pico/pico-sdk/lib/tinyusb/src/portable/raspberrypi/rp2040/rp2040_usb.c.o
 .time_critical.hw_endpoint_reset_transfer
                0x20000a44        0xc CMakeFiles/mk4001_bridge.dir/home/pi/pico/pico-sdk/lib/tinyusb/src/portable/raspberrypi/rp2040/rp2040_usb.c.o
                0x20000a44                hw_endpoint_reset_transfer
 .time_critical._hw_endpoint_buffer_control_update32
                0x20000a50       0x50 CMakeFiles/mk4001_bridge.dir/home/pi/pico/pico-sdk/lib/tinyusb/src/portable/raspberrypi/rp2040/rp2040_usb.c.o
                0x20000a50                _hw_endpoint_buffer_control_update32
 .time_critical.hw_endpoint_start_next_buffer
                0x20000aa0       0x68 CMakeFiles/mk4001_bridge.dir/home/pi/pico/pico-sdk/lib/tinyusb/src/portable/raspberrypi/rp2040/rp2040_usb.c.o
                0x20000aa0                hw_endpoint_start_next_buffer
 .time_critical.hw_endpoint_xfer_continue
                0x20000b08       0x40 CMakeFiles/mk4001_bridge.dir/home/pi/pico/pico-sdk/lib/tinyusb/src/portable/raspberrypi/rp2040/rp2040_usb.c.o
                0x20000b08                hw_endpoint_xfer_continue
 .time_critical.tinyusb
                0x20000b48      0x1e0 CMakeFiles/mk4001_bridge.dir/home/pi/pico/pico-sdk/lib/tinyusb/src/device/usbd.c.o
                0x20000b48                dcd_event_handler
 .time_critical.flash_init_boot2_copyout
                0x20000d28       0x30 CMakeFiles/mk4001_bridge.dir/home/pi/pico/pico-sdk/src/rp2_common/hardware_flash/flash.c.o
 .time_critical.flash_enable_xip_via_boot2
                0x20000d58        0xc CMakeFiles/mk4001_bridge.dir/home/pi/pico/pico-sdk/src/rp2_common/hardware_flash/flash.c.o
 .time_critical.flash_save_hardware_state
                0x20000d64       0x20 CMakeFiles/mk4001_bridge.dir/home/pi/pico/pico-sdk/src/rp2_common/hardware_flash/flash.c.o
 .time_critical.flash_restore_hardware_state
                0x20000d84       0x20 CMakeFiles/mk4001_bridge.dir/home/pi/pico/pico-sdk/src/rp2_common/hardware_flash/flash.c.o
 .time_critical.flash_cs_force
                0x20000da4       0x38 CMakeFiles/mk4001_bridge.dir/home/pi/pico/pico-sdk/src/rp2_common/hardware_flash/flash.c.o
 .time_critical.flash_do_cmd
                0x20000ddc      0x13c CMakeFiles/mk4001_bridge.dir/home/pi/pico/pico-sdk/src/rp2_common/hardware_flash/flash.c.o
                0x20000ddc                flash_do_cmd
 *(.text*)
 .text          0x20000f18        0x4 /usr/lib/gcc/arm-none-eabi/14.2.1/thumb/v6-m/nofp/libgcc.a(_dvmd_tls.o)
                0x20000f18                __aeabi_ldiv0
                0x20000f18                __aeabi_idiv0
 *fill*         0x20000f1c        0x4 
 .text.__stub   0x20000f20       0x80 linker stubs
                0x20000fa0                        . = ALIGN (0x4)
 *(.rodata*)
                0x20000fa0                        . = ALIGN (0x4)
 *(.data*)
 .data.current_clkdiv
                0x20000fa0        0x4 CMakeFiles/mk4001_bridge.dir/src/sdio_pio.c.o
 .data.dma_chan
                0x20000fa4        0x4 CMakeFiles/mk4001_bridge.dir/src/sdio_pio.c.o
 .data.drive_spinning
                0x20000fa8        0x1 CMakeFiles/mk4001_bridge.dir/src/msc_device.c.o
 *fill*         0x20000fa9        0x3 
 .data.last_read_end
                0x20000fac        0x4 CMakeFiles/mk4001_bridge.dir/src/msc_device.c.o
 .data.prefetch_want
                0x20000fb0        0x4 CMakeFiles/mk4001_bridge.dir/src/msc_device.c.o
 .data.prefetch_lba
                0x20000fb4        0x4 CMakeFiles/mk4001_bridge.dir/src/msc_device.c.o
 .data.striped_spin_lock_num
                0x20000fb8        0x1 CMakeFiles/mk4001_bridge.dir/home/pi/pico/pico-sdk/src/rp2_common/hardware_sync/sync.c.o
 *fill*         0x20000fb9        0x3 
 .data          0x20000fbc       0x48 CMakeFiles/mk4001_bridge.dir/home/pi/pico/pico-sdk/src/rp2_common/hardware_irq/irq_handler_chain.S.o
                0x20000fbc                irq_handler_chain_slots
                0x20000fec                irq_handler_chain_first_slot
                0x20000ff6                irq_handler_chain_remove_tail
 .data.default_alarm_pool
                0x20001004       0x18 CMakeFiles/mk4001_bridge.dir/home/pi/pico/pico-sdk/src/common/pico_time/time.c.o
 *fill*         0x2000101c        0x4 
 .data.aeabi_bits_funcs
                0x20001020       0x10 CMakeFiles/mk4001_bridge.dir/home/pi/pico/pico-sdk/src/rp2_common/pico_bit_ops/bit_ops_aeabi.S.o
                0x20001020                aeabi_bits_funcs
                0x20001030                aeabi_bits_funcs_end
 .data.aeabi_mem_funcs
                0x20001030       0x10 CMakeFiles/mk4001_bridge.dir/home/pi/pico/pico-sdk/src/rp2_common/pico_mem_ops/mem_ops_aeabi.S.o
                0x20001030                aeabi_mem_funcs
                0x20001040                aeabi_mem_funcs_end
 .data.stdio_uart
                0x20001040       0x18 CMakeFiles/mk4001_bridge.dir/home/pi/pico/pico-sdk/src/rp2_common/pico_stdio_uart/stdio_uart.c.o
                0x20001040                stdio_uart
 .data._usbd_qdef
                0x20001058       0x1c CMakeFiles/mk4001_bridge.dir/home/pi/pico/pico-sdk/lib/tinyusb/src/device/usbd.c.o
                0x20001058                _usbd_qdef
 .data._usbd_rhport
                0x20001074        0x1 CMakeFiles/mk4001_bridge.dir/home/pi/pico/pico-sdk/lib/tinyusb/src/device/usbd.c.o
                0x20001078                        . = ALIGN (0x4)
 *fill*         0x20001075        0x3 
 *(.after_data.*)
                0x20001078                        . = ALIGN (0x4)
                0x20001078                        PROVIDE (__mutex_array_start = .)
 *(SORT_BY_NAME(.mutex_array.*))
 *(.mutex_array)
 .mutex_array   0x20001078        0x8 CMakeFiles/mk4001_bridge.dir/home/pi/pico/pico-sdk/src/rp2_common/pico_stdio/stdio.c.o
                0x20001080                        PROVIDE (__mutex_array_end = .)
                0x20001080                        . = ALIGN (0x4)
 *(.jcr)
                0x20001080                        . = ALIGN (0x4)

.tm_clone_table
                0x20001080        0x0 load address 0x1000d4fc
 .tm_clone_table
                0x20001080        0x0 /usr/lib/gcc/arm-none-eabi/14.2.1/thumb/v6-m/nofp/crtbegin.o
 .tm_clone_table
                0x20001080        0x0 /usr/lib/gcc/arm-none-eabi/14.2.1/thumb/v6-m/nofp/crtend.o

.igot.plt       0x20001080        0x0 load address 0x1000d4fc
 .igot.plt      0x20001080        0x0 /usr/lib/gcc/arm-none-eabi/14.2.1/thumb/v6-m/nofp/crtbegin.o

.tdata          0x20001080        0x0 load address 0x1000d4fc
                0x20001080                        . = ALIGN (0x4)
 *(.tdata .tdata.* .gnu.linkonce.td.*)
                0x20001080                        __tdata_end = .
                0x20001080                        PROVIDE (__data_end__ = .)
                0x1000c53c                        __etext = LOADADDR (.data)

.tbss           0x20001080        0x0 load address 0x1000d4fc
                0x20001080                        . = ALIGN (0x4)
                0x20001080                        __bss_start__ = .
                0x20001080                        __tls_base = .
 *(.tbss .tbss.* .gnu.linkonce.tb.*)
 *(.tcommon)
                0x20001080                        __tls_end = .

.bss            0x20001080    0x193b0 load address 0x1000d4fc
                0x20001080                        . = ALIGN (0x4)
                0x20001080                        __tbss_end = .
 *(SORT_BY_ALIGNMENT(SORT_BY_NAME(.bss*)))
 .bss.default_alarm_pool_entries
                0x20001080      0x180 CMakeFiles/mk4001_bridge.dir/home/pi/pico/pico-sdk/src/common/pico_time/time.c.o
 .bss.sd_table  0x20001200      0x100 CMakeFiles/mk4001_bridge.dir/home/pi/pico/pico-sdk/src/rp2_common/pico_double/double_init_rom_rp2040.c.o
                0x20001200                sd_table
 .bss.sf_table  0x20001300      0x100 CMakeFiles/mk4001_bridge.dir/home/pi/pico/pico-sdk/src/rp2_common/pico_float/float_init_rom_rp2040.c.o
                0x20001300                sf_table
 .bss           0x20001400       0x1c /usr/lib/gcc/arm-none-eabi/14.2.1/thumb/v6-m/nofp/crtbegin.o
 .bss           0x2000141c      0x190 /usr/lib/gcc/arm-none-eabi/14.2.1/../../../arm-none-eabi/lib/thumb/v6-m/nofp/libg.a(libc_a-__atexit.o)
                0x2000141c                __atexit0
 .bss           0x200015ac        0x4 /usr/lib/gcc/arm-none-eabi/14.2.1/../../../arm-none-eabi/lib/thumb/v6-m/nofp/libg.a(libc_a-__call_atexit.o)
                0x200015ac                __atexit
 .bss._app_driver
                0x200015b0        0x4 CMakeFiles/mk4001_bridge.dir/home/pi/pico/pico-sdk/lib/tinyusb/src/device/usbd.c.o
 .bss._ctrl_epbuf
                0x200015b4       0x40 CMakeFiles/mk4001_bridge.dir/home/pi/pico/pico-sdk/lib/tinyusb/src/device/usbd_control.c.o
 .bss._ctrl_xfer
                0x200015f4       0x14 CMakeFiles/mk4001_bridge.dir/home/pi/pico/pico-sdk/lib/tinyusb/src/device/usbd_control.c.o
 .bss._desc_str
                0x20001608       0x42 CMakeFiles/mk4001_bridge.dir/src/usb_descriptors.c.o
 *fill*         0x2000164a        0x2 
 .bss._mscd_epbuf
                0x2000164c     0x8000 CMakeFiles/mk4001_bridge.dir/lib/tinyusb_patched/msc_device.c.o
 .bss._mscd_itf
                0x2000964c       0x40 CMakeFiles/mk4001_bridge.dir/lib/tinyusb_patched/msc_device.c.o
 .bss._tusb_rhport_role
                0x2000968c        0x2 CMakeFiles/mk4001_bridge.dir/home/pi/pico/pico-sdk/lib/tinyusb/src/tusb.c.o
                0x2000968c                _tusb_rhport_role
 *fill*         0x2000968e        0x2 
 .bss._ubsd_mutexdef
                0x20009690        0x8 CMakeFiles/mk4001_bridge.dir/home/pi/pico/pico-sdk/lib/tinyusb/src/device/usbd.c.o
 .bss._usbd_dev
                0x20009698       0x54 CMakeFiles/mk4001_bridge.dir/home/pi/pico/pico-sdk/lib/tinyusb/src/device/usbd.c.o
 .bss._usbd_mutex
                0x200096ec        0x4 CMakeFiles/mk4001_bridge.dir/home/pi/pico/pico-sdk/lib/tinyusb/src/device/usbd.c.o
 .bss._usbd_q   0x200096f0        0x4 CMakeFiles/mk4001_bridge.dir/home/pi/pico/pico-sdk/lib/tinyusb/src/device/usbd.c.o
 .bss._usbd_qdef_buf
                0x200096f4       0xc0 CMakeFiles/mk4001_bridge.dir/home/pi/pico/pico-sdk/lib/tinyusb/src/device/usbd.c.o
                0x200096f4                _usbd_qdef_buf
 .bss.bad_cache
                0x200097b4       0xc0 CMakeFiles/mk4001_bridge.dir/src/msc_device.c.o
 .bss.bad_cache_count
                0x20009874        0x4 CMakeFiles/mk4001_bridge.dir/src/msc_device.c.o
 .bss.boot2_copyout
                0x20009878      0x100 CMakeFiles/mk4001_bridge.dir/home/pi/pico/pico-sdk/src/rp2_common/hardware_flash/flash.c.o
 .bss.chars_available_callback
                0x20009978        0x4 CMakeFiles/mk4001_bridge.dir/home/pi/pico/pico-sdk/src/rp2_common/pico_stdio_uart/stdio_uart.c.o
 .bss.chars_available_param
                0x2000997c        0x4 CMakeFiles/mk4001_bridge.dir/home/pi/pico/pico-sdk/src/rp2_common/pico_stdio_uart/stdio_uart.c.o
 .bss.claimed   0x20009980        0x4 CMakeFiles/mk4001_bridge.dir/home/pi/pico/pico-sdk/src/rp2_common/hardware_sync/sync.c.o
 .bss.claimed   0x20009984        0x1 CMakeFiles/mk4001_bridge.dir/home/pi/pico/pico-sdk/src/rp2_common/hardware_timer/timer.c.o
 *fill*         0x20009985        0x3 
 .bss.claimed   0x20009988        0x1 CMakeFiles/mk4001_bridge.dir/home/pi/pico/pico-sdk/src/rp2_common/hardware_pio/pio.c.o
 *fill*         0x20009989        0x3 
 .bss.configured_freq
                0x2000998c       0x28 CMakeFiles/mk4001_bridge.dir/home/pi/pico/pico-sdk/src/rp2_common/hardware_clocks/clocks.c.o
 .bss.drive_sectors
                0x200099b4        0x4 CMakeFiles/mk4001_bridge.dir/src/msc_device.c.o
 .bss.drivers   0x200099b8        0x4 CMakeFiles/mk4001_bridge.dir/home/pi/pico/pico-sdk/src/rp2_common/pico_stdio/stdio.c.o
 .bss.e15_last_sof
                0x200099bc        0x4 CMakeFiles/mk4001_bridge.dir/home/pi/pico/pico-sdk/lib/tinyusb/src/portable/raspberrypi/rp2040/rp2040_usb.c.o
                0x200099bc                e15_last_sof
 .bss.filter    0x200099c0        0x4 CMakeFiles/mk4001_bridge.dir/home/pi/pico/pico-sdk/src/rp2_common/pico_stdio/stdio.c.o
 .bss.hw_endpoints
                0x200099c4      0x400 CMakeFiles/mk4001_bridge.dir/home/pi/pico/pico-sdk/lib/tinyusb/src/portable/raspberrypi/rp2040/dcd_rp2040.c.o
 .bss.identify_buf
                0x20009dc4      0x200 CMakeFiles/mk4001_bridge.dir/src/main.c.o
 .bss.last_activity_ms
                0x20009fc4        0x4 CMakeFiles/mk4001_bridge.dir/src/msc_device.c.o
 .bss.last_ms.0
                0x20009fc8        0x4 CMakeFiles/mk4001_bridge.dir/src/main.c.o
 .bss.lazy_vsnprintf
                0x20009fcc        0x4 CMakeFiles/mk4001_bridge.dir/home/pi/pico/pico-sdk/src/rp2_common/pico_printf/printf.c.o
 .bss.next_buffer_ptr
                0x20009fd0        0x4 CMakeFiles/mk4001_bridge.dir/home/pi/pico/pico-sdk/lib/tinyusb/src/portable/raspberrypi/rp2040/dcd_rp2040.c.o
 .bss.pools     0x20009fd4       0x10 CMakeFiles/mk4001_bridge.dir/home/pi/pico/pico-sdk/src/common/pico_time/time.c.o
 .bss.prefetch_buf
                0x20009fe4     0x8000 CMakeFiles/mk4001_bridge.dir/src/msc_device.c.o
 .bss.retrieved_id
                0x20011fe4        0x8 CMakeFiles/mk4001_bridge.dir/home/pi/pico/pico-sdk/src/rp2_common/pico_unique_id/unique_id.c.o
 .bss.sf_clz_func
                0x20011fec        0x4 CMakeFiles/mk4001_bridge.dir/home/pi/pico/pico-sdk/src/rp2_common/pico_double/double_init_rom_rp2040.c.o
                0x20011fec                sf_clz_func
 .bss.sleep_notifier
                0x20011ff0        0x4 CMakeFiles/mk4001_bridge.dir/home/pi/pico/pico-sdk/src/common/pico_time/time.c.o
 .bss.uart_char_to_line_feed
                0x20011ff4        0x4 CMakeFiles/mk4001_bridge.dir/home/pi/pico/pico-sdk/src/rp2_common/hardware_uart/uart.c.o
                0x20011ff4                uart_char_to_line_feed
 .bss.uart_instance
                0x20011ff8        0x4 CMakeFiles/mk4001_bridge.dir/home/pi/pico/pico-sdk/src/rp2_common/pico_stdio_uart/stdio_uart.c.o
 .bss.wb_buf    0x20011ffc     0x8000 CMakeFiles/mk4001_bridge.dir/src/msc_device.c.o
 .bss.wb_count  0x20019ffc        0x4 CMakeFiles/mk4001_bridge.dir/src/msc_device.c.o
 .bss.wb_lba    0x2001a000        0x4 CMakeFiles/mk4001_bridge.dir/src/msc_device.c.o
 .bss.write_stream_buf
                0x2001a004      0x418 CMakeFiles/mk4001_bridge.dir/src/sdio_pio.c.o
 .bss._claimed  0x2001a41c        0x2 CMakeFiles/mk4001_bridge.dir/home/pi/pico/pico-sdk/src/rp2_common/hardware_dma/dma.c.o
 .bss.cached_rca
                0x2001a41e        0x2 CMakeFiles/mk4001_bridge.dir/src/sdio_pio.c.o
 .bss._app_driver_count
                0x2001a420        0x1 CMakeFiles/mk4001_bridge.dir/home/pi/pico/pico-sdk/lib/tinyusb/src/device/usbd.c.o
 .bss._sof_enable
                0x2001a421        0x1 CMakeFiles/mk4001_bridge.dir/home/pi/pico/pico-sdk/lib/tinyusb/src/portable/raspberrypi/rp2040/dcd_rp2040.c.o
 .bss._usbd_queued_setup
                0x2001a422        0x1 CMakeFiles/mk4001_bridge.dir/home/pi/pico/pico-sdk/lib/tinyusb/src/device/usbd.c.o
 .bss.boot2_copyout_valid
                0x2001a423        0x1 CMakeFiles/mk4001_bridge.dir/home/pi/pico/pico-sdk/src/rp2_common/hardware_flash/flash.c.o
 .bss.cached_rca_valid
                0x2001a424        0x1 CMakeFiles/mk4001_bridge.dir/src/sdio_pio.c.o
 .bss.drive_ready
                0x2001a425        0x1 CMakeFiles/mk4001_bridge.dir/src/msc_device.c.o
 .bss.flush_unsupported.1
                0x2001a426        0x1 CMakeFiles/mk4001_bridge.dir/src/ata_sdio.c.o
 .bss.gpio_inited
                0x2001a427        0x1 CMakeFiles/mk4001_bridge.dir/src/sdio_pio.c.o
 .bss.idle_tracking_active
                0x2001a428        0x1 CMakeFiles/mk4001_bridge.dir/src/msc_device.c.o
 .bss.irq_handler_chain_free_slot_head
                0x2001a429        0x1 CMakeFiles/mk4001_bridge.dir/home/pi/pico/pico-sdk/src/rp2_common/hardware_irq/irq.c.o
 .bss.loaded_pgm
                0x2001a42a        0x1 CMakeFiles/mk4001_bridge.dir/src/sdio_pio.c.o
 .bss.pio_ready
                0x2001a42b        0x1 CMakeFiles/mk4001_bridge.dir/src/sdio_pio.c.o
 .bss.power_gated
                0x2001a42c        0x1 CMakeFiles/mk4001_bridge.dir/src/msc_device.c.o
 .bss.was_active.1
                0x2001a42d        0x1 CMakeFiles/mk4001_bridge.dir/src/main.c.o
 .bss.wb_deferred_error
                0x2001a42e        0x1 CMakeFiles/mk4001_bridge.dir/src/msc_device.c.o
 .bss.wb_pending
                0x2001a42f        0x1 CMakeFiles/mk4001_bridge.dir/src/msc_device.c.o
 *(COMMON)
                0x2001a430                        . = ALIGN (0x4)
                0x2001a430                        __bss_end__ = .

.heap           0x2001a430      0x800 load address 0x1000d4fc
                0x2001a430                        __end__ = .
                0x2001a430                        end = __end__
 *(.heap*)
 .heap          0x2001a430      0x800 CMakeFiles/mk4001_bridge.dir/home/pi/pico/pico-sdk/src/rp2_common/pico_crt0/crt0.S.o
                0x20040000                        __HeapLimit = (ORIGIN (RAM) + LENGTH (RAM))

.scratch_x      0x20040000        0x0 load address 0x1000d4fc
                0x20040000                        __scratch_x_start__ = .
 *(.scratch_x.*)
                0x20040000                        . = ALIGN (0x4)
                0x20040000                        __scratch_x_end__ = .
                0x1000d4fc                        __scratch_x_source__ = LOADADDR (.scratch_x)

.scratch_y      0x20041000        0x0 load address 0x1000d4fc
                0x20041000                        __scratch_y_start__ = .
 *(.scratch_y.*)
                0x20041000                        . = ALIGN (0x4)
                0x20041000                        __scratch_y_end__ = .
                0x1000d4fc                        __scratch_y_source__ = LOADADDR (.scratch_y)

.stack1_dummy
 *(.stack1*)

.stack_dummy    0x20041000      0x800
 *(.stack*)
 .stack         0x20041000      0x800 CMakeFiles/mk4001_bridge.dir/home/pi/pico/pico-sdk/src/rp2_common/pico_crt0/crt0.S.o

.rel.dyn        0x20041800        0x0
 .rel.iplt      0x20041800        0x0 /usr/lib/gcc/arm-none-eabi/14.2.1/thumb/v6-m/nofp/crtbegin.o

.flash_end      0x1000d4fc        0x0
 *(.embedded_end_block*)
                0x1000d4fc                        PROVIDE (__flash_binary_end = .)
                0x20040000                        __StackLimit = (ORIGIN (RAM) + LENGTH (RAM))
                0x20041000                        __StackOneTop = (ORIGIN (SCRATCH_X) + LENGTH (SCRATCH_X))
                0x20042000                        __StackTop = (ORIGIN (SCRATCH_Y) + LENGTH (SCRATCH_Y))
                0x20041000                        __StackOneBottom = (__StackOneTop - SIZEOF (.stack1_dummy))
                0x20041800                        __StackBottom = (__StackTop - SIZEOF (.stack_dummy))
                0x20042000                        PROVIDE (__stack = __StackTop)
                [!provide]                        PROVIDE (__heap_start = __end__)
                [!provide]                        PROVIDE (__heap_end = __HeapLimit)
                [!provide]                        PROVIDE (__tls_align = MAX (ALIGNOF (.tdata), ALIGNOF (.tbss)))
                [!provide]                        PROVIDE (__tls_size_align = (((__tls_size + __tls_align) - 0x1) & ~ ((__tls_align - 0x1))))
                [!provide]                        PROVIDE (__arm32_tls_tcb_offset = MAX (0x8, __tls_align))
                [!provide]                        PROVIDE (_end = __end__)
                [!provide]                        PROVIDE (__llvm_libc_heap_limit = __HeapLimit)
                0x00000001                        ASSERT ((__StackLimit >= __HeapLimit), region RAM overflowed)